[thirtysecondstomars.com/index.html]
[thirtysecondstomars.com/wp-content/plugins/w3-total-cache/pub/js/lazyload.min.js]
[backblue.gif]
[fade.gif]
[index.html]
[thirtysecondstomars.com/feed]
[thirtysecondstomars.com/comments/feed]
[thirtysecondstomars.com/wp-content/plugins/woocommerce-subscriptions/vendor/woocommerce/subscriptions-core/build/indexe6df.css]
[thirtysecondstomars.com/wp-content/themes/astra/assets/css/minified/main.mina94e.css]
[thirtysecondstomars.com/wp-content/plugins/easy-login-woocommerce/xoo-form-fields-fw/assets/css/xoo-aff-style4c56.css]
[c0.wp.com/c/6.7.2/wp-includes/js/mediaelement/mediaelementplayer-legacy.min.css]
[thirtysecondstomars.com/wp-content/plugins/contact-form-7/includes/css/stylesdc24.css]
[thirtysecondstomars.com/wp-content/themes/astra/assets/css/minified/compatibility/contact-form-7-main.mina94e.css]
[thirtysecondstomars.com/wp-content/plugins/woocommerce-payment-plans-for-subscriptions/public/css/styles62f2.css]
[thirtysecondstomars.com/wp-content/themes/astra/assets/css/minified/compatibility/woocommerce/woocommerce-layout-grid.mina94e.css]
[thirtysecondstomars.com/wp-content/themes/astra/assets/css/minified/compatibility/woocommerce/woocommerce-smallscreen-grid.mina94e.css]
[thirtysecondstomars.com/wp-content/themes/astra/assets/css/minified/compatibility/woocommerce/woocommerce-grid.mina94e.css]
[thirtysecondstomars.com/wp-content/plugins/easy-login-woocommerce/assets/css/xoo-el-styled2b8.css]
[thirtysecondstomars.com_443/wp-content/plugins/easy-login-woocommerce/assets/images/popup-sidebar.jpg]
[thirtysecondstomars.com/wp-content/plugins/easy-login-woocommerce/assets/css/xoo-el-fontsd2b8.css]
[thirtysecondstomars.com/wp-content/plugins/metorik-helper/assets/css/metorikffdc.css]
[thirtysecondstomars.com/wp-content/plugins/woocommerce-payment-plans-for-subscriptions/includes/att/assets/css/frontend/woocommerce12b2.css]
[c0.wp.com/p/woocommerce/9.7.0/assets/css/brands.css]
[thirtysecondstomars.com/wp-content/themes/astra/styled1c0.css]
[thirtysecondstomars.com/wp-content/themes/thirtysecondstomars/style8a54.css]
[thirtysecondstomars.com/wp-content/plugins/elementor/assets/css/frontend.min3dd9.css]
[thirtysecondstomars.com/wp-content/plugins/elementor-pro/assets/css/widget-nav-menu.min3ea8.css]
[thirtysecondstomars.com/wp-content/plugins/elementor/assets/css/widget-image.min3dd9.css]
[thirtysecondstomars.com/wp-content/plugins/elementor-pro/assets/css/widget-woocommerce-menu-cart.min3ea8.css]
[thirtysecondstomars.com/wp-content/plugins/elementor/assets/css/widget-social-icons.min3dd9.css]
[thirtysecondstomars.com/wp-content/plugins/elementor/assets/css/conditionals/apple-webkit.min3dd9.css]
[thirtysecondstomars.com/wp-content/plugins/elementor/assets/css/widget-text-editor.min3dd9.css]
[thirtysecondstomars.com/wp-content/plugins/elementor/assets/lib/eicons/css/elementor-icons.minf25c.css]
[thirtysecondstomars.com/wp-content/uploads/elementor/css/post-66cfd.css]
[thirtysecondstomars.com/wp-content/plugins/elementor/assets/lib/font-awesome/css/all.min3dd9.css]
[thirtysecondstomars.com/wp-content/plugins/elementor/assets/lib/font-awesome/css/v4-shims.min3dd9.css]
[thirtysecondstomars.com/wp-content/plugins/elementor/assets/css/widget-heading.min3dd9.css]
[thirtysecondstomars.com/wp-content/plugins/elementor-pro/assets/css/widget-loop-common.min3ea8.css]
[thirtysecondstomars.com/wp-content/plugins/elementor-pro/assets/css/widget-loop-grid.min3ea8.css]
[thirtysecondstomars.com/wp-content/plugins/elementor/assets/css/widget-spacer.min3dd9.css]
[thirtysecondstomars.com/wp-content/plugins/elementor/assets/lib/swiper/v8/css/swiper.min94a4.css]
[thirtysecondstomars.com/wp-content/plugins/elementor/assets/css/conditionals/e-swiper.min3dd9.css]
[thirtysecondstomars.com/wp-content/plugins/elementor-pro/assets/css/widget-loop-carousel.min3ea8.css]
[thirtysecondstomars.com/wp-content/plugins/elementor-pro/assets/css/widget-gallery.min3ea8.css]
[thirtysecondstomars.com/wp-content/plugins/elementor/assets/lib/e-gallery/css/e-gallery.min7359.css]
[thirtysecondstomars.com/wp-content/plugins/elementor-pro/assets/css/conditionals/transitions.min3ea8.css]
[thirtysecondstomars.com/wp-content/plugins/elementor/assets/css/widget-video.min3dd9.css]
[thirtysecondstomars.com/wp-content/uploads/elementor/css/post-23922419.css]
[thirtysecondstomars.com/wp-content/uploads/elementor/css/post-121222419.css]
[thirtysecondstomars.com/wp-content/uploads/elementor/css/post-121082419.css]
[thirtysecondstomars.com/wp-content/plugins/essential-addons-for-elementor-lite/assets/front-end/css/view/general.min1b46.css]
[thirtysecondstomars.com/wp-content/plugins/elementor/assets/lib/font-awesome/css/fontawesome.min52d5.css]
[thirtysecondstomars.com/wp-content/plugins/elementor/assets/lib/font-awesome/css/solid.min52d5.css]
[thirtysecondstomars.com/wp-content/plugins/elementor/assets/lib/font-awesome/css/brands.min52d5.css]
[c0.wp.com/c/6.7.2/wp-includes/js/jquery/jquery.min.js]
[c0.wp.com/c/6.7.2/wp-includes/js/jquery/jquery-migrate.min.js]
[thirtysecondstomars.com/wp-content/plugins/easy-login-woocommerce/xoo-form-fields-fw/assets/js/xoo-aff-js4c56.js]
[thirtysecondstomars.com/wp-content/plugins/google-analytics-for-wordpress/assets/js/frontend-gtag.mind8f7.js]
[thirtysecondstomars.com/wp-content/plugins/woocommerce-payment-plans-for-subscriptions/public/js/scripts62f2.js]
[c0.wp.com/p/woocommerce/9.7.0/assets/js/jquery-blockui/jquery.blockUI.min.js]
[c0.wp.com/p/woocommerce/9.7.0/assets/js/frontend/add-to-cart.min.js]
[c0.wp.com/p/woocommerce/9.7.0/assets/js/frontend/woocommerce.min.js]
[c0.wp.com/p/woocommerce/9.7.0/assets/js/js-cookie/js.cookie.min.js]
[stats.wp.com/s-202510.js]
[thirtysecondstomars.com/wp-content/plugins/elementor/assets/lib/font-awesome/js/v4-shims.min3dd9.js]
[thirtysecondstomars.com/wp-json/wp/v2/pages/2392.json]
[thirtysecondstomars.com/wp-json/index.html]
[thirtysecondstomars.com/xmlrpc0db0.php]
[thirtysecondstomars.com/wp-json/oembed/1.0/embed1cf6.json]
[thirtysecondstomars.com/wp-json/oembed/1.0/embedfe73]
[thirtysecondstomars.com/wp-content/plugins/woocommerce/assets/fonts/Inter-VariableFont_slnt,wght.woff2]
[thirtysecondstomars.com/wp-content/plugins/woocommerce/assets/fonts/cardo_normal_400.woff2]
[i0.wp.com/thirtysecondstomars.com/wp-content/uploads/2023/10/image_2023_10_31T19_22_12_169Ze43b.png]
[i0.wp.com/thirtysecondstomars.com/wp-content/uploads/2023/10/image_2023_10_31T19_22_12_169Z98d8.png]
[i0.wp.com/thirtysecondstomars.com/wp-content/uploads/2023/10/image_2023_10_31T19_22_12_169Zf9b5.png]
[thirtysecondstomars.com/tour.html]
[thirtysecondstomars.com/a-beautiful-lie-20th-signup.html]
[thirtysecondstomars.com/vip.html]
[thirtysecondstomars.com/my-account.html]
[thirtysecondstomars.com/june-21-2025-almaty-kazakhstan-sports-complex-at-abay-159.html]
[thirtysecondstomars.com/tour-date/sports-complex-at-abay-159.html]
[thirtysecondstomars.com/tour-date/atlas-arena.html]
[thirtysecondstomars.com/june-25-2025-lodz-poland-atlas-arena.html]
[thirtysecondstomars.com/tour-date/peissnitz-insel.html]
[thirtysecondstomars.com/june-27-2025-halle-saale-germany-peissnitzinsel.html]
[thirtysecondstomars.com/tour-date/freilichtbuhne-loreley.html]
[thirtysecondstomars.com/june-28-2025-st-goarshausen-germany-freilichtbuhne-loreley.html]
[i0.wp.com/thirtysecondstomars.com/wp-content/uploads/2023/11/tstm_sky_resize_07_CMYK_small_10805462.jpg]
[thirtysecondstomars.com/june-21-2025-almaty-kazakhstan-sports-complex-at-abay-159/get-up-kid-package-upgrade-only-almaty-2025.html]
[thirtysecondstomars.com/june-21-2025-almaty-kazakhstan-sports-complex-at-abay-159/early-entry-package-upgrade-only-almaty-2025.html]
[thirtysecondstomars.com/index3f26.html]
[thirtysecondstomars.com/june-21-2025-almaty-kazakhstan-sports-complex-at-abay-159/avalanche-package-ticket-vip-almaty-2025.html]
[thirtysecondstomars.com/index6803.html]
[thirtysecondstomars.com/june-21-2025-almaty-kazakhstan-sports-complex-at-abay-159/avalanche-package-upgrade-only-almaty-2025.html]
[thirtysecondstomars.com/june-21-2025-almaty-kazakhstan-sports-complex-at-abay-159/seasons-package-upgrade-only-almaty-2025.html]
[thirtysecondstomars.com/june-21-2025-almaty-kazakhstan-sports-complex-at-abay-159/seasons-package-ticket-vip-almaty-2025.html]
[thirtysecondstomars.com/june-21-2025-almaty-kazakhstan-sports-complex-at-abay-159/early-entry-package-ticket-vip-almaty-2025.html]
[thirtysecondstomars.com/july-15-2025-fuengirola-spain-marenostrum/early-entry-package-upgrade-only-fuengirola.html]
[thirtysecondstomars.com/june-21-2025-almaty-kazakhstan-sports-complex-at-abay-159/get-up-kid-package-ticket-vip-almaty-2025.html]
[thirtysecondstomars.com/indexa48f.html]
[thirtysecondstomars.com/july-15-2025-fuengirola-spain-marenostrum/early-entry-package-ticket-vip-fuengirola.html]
[thirtysecondstomars.com/index7b1c.html]
[thirtysecondstomars.com/indexcd2b.html]
[thirtysecondstomars.com/faq.html]
[thirtysecondstomars.com/purchase-policy-terms-conditions.html]
[thirtysecondstomars.com/terms-conditions.html]
[thirtysecondstomars.com/privacy-policy.html]
[thirtysecondstomars.com/contact-us.html]
[c0.wp.com/p/woocommerce/9.7.0/assets/client/blocks/wc-blocks.css]
[thirtysecondstomars.com/wp-content/plugins/elementor-pro/assets/css/widget-post-info.min3ea8.css]
[thirtysecondstomars.com/wp-content/plugins/elementor/assets/css/widget-icon-list.min3dd9.css]
[thirtysecondstomars.com/wp-content/plugins/elementor/assets/lib/font-awesome/css/regular.min52d5.css]
[thirtysecondstomars.com/wp-content/uploads/elementor/css/post-12517a734.css]
[thirtysecondstomars.com/wp-content/plugins/elementor/assets/lib/animations/styles/slideInDown.min3dd9.css]
[thirtysecondstomars.com/wp-content/plugins/elementor-pro/assets/css/conditionals/popup.min3ea8.css]
[c0.wp.com/p/woocommerce/9.7.0/assets/css/photoswipe/photoswipe.min.css]
[c0.wp.com/p/woocommerce/9.7.0/assets/css/photoswipe/default-skin/default-skin.min.css]
[static.klaviyo.com/onsite/js/My4DkN/klaviyocd45.js]
[thirtysecondstomars.com/wp-content/themes/astra/assets/js/minified/frontend.mina94e.js]
[thirtysecondstomars.com/wp-content/plugins/easy-login-woocommerce/assets/js/xoo-el-jsd2b8.js]
[c0.wp.com/c/6.7.2/wp-includes/js/dist/hooks.min.js]
[c0.wp.com/c/6.7.2/wp-includes/js/dist/i18n.min.js]
[thirtysecondstomars.com/wp-content/plugins/contact-form-7/includes/swv/js/indexdc24.js]
[thirtysecondstomars.com/wp-content/plugins/contact-form-7/includes/js/indexdc24.js]
[thirtysecondstomars.com/wp-content/plugins/wp-meta-and-date-remover/assets/js/inspector4963.js]
[thirtysecondstomars.com/wp-content/plugins/metorik-helper/assets/js/metorik.minffdc.js]
[thirtysecondstomars.com/wp-content/plugins/elementor-pro/assets/lib/smartmenus/jquery.smartmenus.min1576.js]
[thirtysecondstomars.com/wp-content/plugins/elementor/assets/lib/e-gallery/js/e-gallery.min7359.js]
[c0.wp.com/c/6.7.2/wp-includes/js/imagesloaded.min.js]
[c0.wp.com/p/woocommerce/9.7.0/assets/js/sourcebuster/sourcebuster.min.js]
[thirtysecondstomars.com/wp-content/plugins/elementor/assets/lib/swiper/v8/swiper.min94a4.js]
[thirtysecondstomars.com/wp-content/plugins/klaviyo/inc/js/kl-identify-browsercd45.js]
[thirtysecondstomars.com/wp-content/plugins/essential-addons-for-elementor-lite/assets/front-end/js/view/general.min1b46.js]
[c0.wp.com/p/woocommerce/9.7.0/assets/js/frontend/order-attribution.min.js]
[stats.wp.com/e-202510.js]
[c0.wp.com/p/woocommerce/9.7.0/assets/js/frontend/cart-fragments.min.js]
[thirtysecondstomars.com/wp-content/plugins/elementor-pro/assets/js/webpack-pro.runtime.min3ea8.js]
[thirtysecondstomars.com/wp-content/plugins/elementor/assets/js/webpack.runtime.min3dd9.js]
[thirtysecondstomars.com/wp-content/plugins/elementor/assets/js/frontend-modules.min3dd9.js]
[thirtysecondstomars.com/wp-content/plugins/elementor-pro/assets/js/frontend.min3ea8.js]
[c0.wp.com/c/6.7.2/wp-includes/js/jquery/ui/core.min.js]
[thirtysecondstomars.com/wp-content/plugins/elementor/assets/js/frontend.min3dd9.js]
[thirtysecondstomars.com/wp-content/plugins/elementor-pro/assets/js/elements-handlers.min3ea8.js]
[c0.wp.com/p/woocommerce/9.7.0/assets/js/zoom/jquery.zoom.min.js]
[c0.wp.com/p/woocommerce/9.7.0/assets/js/flexslider/jquery.flexslider.min.js]
[c0.wp.com/p/woocommerce/9.7.0/assets/js/photoswipe/photoswipe.min.js]
[c0.wp.com/p/woocommerce/9.7.0/assets/js/photoswipe/photoswipe-ui-default.min.js]
[c0.wp.com/c/6.7.2/wp-includes/js/wp-util.min.js]
[c0.wp.com/c/6.7.2/wp-includes/js/underscore.min.js]
[thirtysecondstomars.com/index.html]
[thirtysecondstomars.com/wp-content/plugins/woocommerce-subscriptions/vendor/woocommerce/subscriptions-core/build/indexe6df.css]
[thirtysecondstomars.com/wp-content/themes/astra/assets/css/minified/main.mina94e.css]
[thirtysecondstomars.com/wp-content/plugins/easy-login-woocommerce/xoo-form-fields-fw/assets/css/xoo-aff-style4c56.css]
[c0.wp.com/p/woocommerce/9.7.0/assets/js/frontend/single-product.min.js]
[c0.wp.com/c/6.7.2/wp-includes/js/mediaelement/mediaelementplayer-legacy.min.css]
[c0.wp.com/c/6.7.2/wp-includes/js/mediaelement/wp-mediaelement.min.css]
[thirtysecondstomars.com/wp-content/plugins/contact-form-7/includes/css/stylesdc24.css]
[thirtysecondstomars.com/wp-content/themes/astra/assets/css/minified/compatibility/contact-form-7-main.mina94e.css]
[c0.wp.com/c/6.7.2/wp-includes/js/mediaelement/mejs-controls.svg]
[thirtysecondstomars.com/wp-content/plugins/woocommerce-payment-plans-for-subscriptions/public/css/styles62f2.css]
[thirtysecondstomars.com/wp-content/themes/astra/assets/css/minified/compatibility/woocommerce/woocommerce-layout-grid.mina94e.css]
[thirtysecondstomars.com/wp-content/themes/astra/assets/css/minified/compatibility/woocommerce/woocommerce-smallscreen-grid.mina94e.css]
[c0.wp.com/p/woocommerce/9.7.0/assets/js/frontend/add-to-cart-variation.min.js]
[thirtysecondstomars.com/wp-content/plugins/woocommerce/assets/fonts/star.eot]
[thirtysecondstomars.com/wp-content/plugins/woocommerce/assets/fonts/star.woff]
[thirtysecondstomars.com/wp-content/plugins/woocommerce/assets/fonts/star.ttf]
[thirtysecondstomars.com/wp-content/plugins/woocommerce/assets/fonts/stard41d.html]
[thirtysecondstomars.com/wp-content/plugins/woocommerce/assets/fonts/WooCommerce.eot]
[thirtysecondstomars.com/wp-content/plugins/woocommerce/assets/fonts/WooCommerce.woff]
[thirtysecondstomars.com/wp-content/plugins/woocommerce/assets/fonts/WooCommerced41d.html]
[thirtysecondstomars.com/wp-content/plugins/woocommerce/assets/fonts/WooCommerce.ttf]
[thirtysecondstomars.com/wp-content/plugins/woocommerce/assets/css/photoswipe/default-skin/default-skin.png]
[thirtysecondstomars.com/wp-content/themes/astra/assets/css/minified/compatibility/woocommerce/woocommerce-grid.mina94e.css]
[thirtysecondstomars.com/wp-content/plugins/easy-login-woocommerce/assets/css/xoo-el-styled2b8.css]
[thirtysecondstomars.com/wp-content/plugins/easy-login-woocommerce/assets/fonts/Easy-Login80c3.eot]
[thirtysecondstomars.com/wp-content/plugins/easy-login-woocommerce/assets/fonts/Easy-Login80c3.ttf]
[thirtysecondstomars.com/wp-content/plugins/easy-login-woocommerce/assets/fonts/Easy-Login80c3.woff]
[thirtysecondstomars.com/wp-content/plugins/easy-login-woocommerce/assets/css/xoo-el-fontsd2b8.css]
[thirtysecondstomars.com/wp-content/plugins/metorik-helper/assets/css/metorikffdc.css]
[thirtysecondstomars.com/wp-content/plugins/woocommerce-payment-plans-for-subscriptions/includes/att/assets/fonts/fa-apfsd1f1.eot]
[thirtysecondstomars.com/wp-content/plugins/woocommerce-payment-plans-for-subscriptions/includes/att/assets/fonts/fa-apfsd41d.eot]
[thirtysecondstomars.com/wp-content/plugins/woocommerce-payment-plans-for-subscriptions/includes/att/assets/fonts/fa-apfsd1f1.woff2]
[thirtysecondstomars.com/wp-content/plugins/woocommerce-payment-plans-for-subscriptions/includes/att/assets/fonts/fa-apfsd1f1.woff]
[thirtysecondstomars.com/wp-content/plugins/woocommerce-payment-plans-for-subscriptions/includes/att/assets/fonts/fa-apfsd1f1.ttf]
[thirtysecondstomars.com/wp-content/plugins/woocommerce-payment-plans-for-subscriptions/includes/att/assets/css/frontend/woocommerce12b2.css]
[c0.wp.com/p/woocommerce/9.7.0/assets/css/brands.css]
[thirtysecondstomars.com/wp-content/themes/astra/styled1c0.css]
[thirtysecondstomars.com/wp-content/themes/thirtysecondstomars/style8a54.css]
[thirtysecondstomars.com/wp-content/plugins/elementor/assets/css/frontend.min3dd9.css]
[thirtysecondstomars.com/wp-content/plugins/elementor-pro/assets/css/widget-nav-menu.min3ea8.css]
[thirtysecondstomars.com/wp-content/plugins/elementor/assets/css/widget-image.min3dd9.css]
[thirtysecondstomars.com/wp-content/plugins/elementor-pro/assets/css/widget-woocommerce-menu-cart.min3ea8.css]
[thirtysecondstomars.com/wp-content/plugins/elementor/assets/css/widget-social-icons.min3dd9.css]
[thirtysecondstomars.com/wp-content/plugins/elementor/assets/css/conditionals/apple-webkit.min3dd9.css]
[thirtysecondstomars.com/wp-content/plugins/elementor/assets/css/widget-text-editor.min3dd9.css]
[thirtysecondstomars.com/wp-content/plugins/elementor/assets/lib/eicons/fonts/eicons6feb.eot]
[thirtysecondstomars.com/wp-content/plugins/elementor/assets/lib/eicons/fonts/eicons6feb.woff2]
[thirtysecondstomars.com/wp-content/plugins/elementor/assets/lib/eicons/fonts/eicons6feb.woff]
[thirtysecondstomars.com/wp-content/plugins/elementor/assets/lib/eicons/fonts/eicons6feb.ttf]
[thirtysecondstomars.com/wp-content/plugins/elementor/assets/lib/eicons/css/elementor-icons.minf25c.css]
[thirtysecondstomars.com/wp-content/uploads/2023/11/AG-Book-Stencil-Regular-1.eot]
[thirtysecondstomars.com/wp-content/uploads/2023/11/AG-Book-Stencil-Regular-1d41d.eot]
[thirtysecondstomars.com/wp-content/uploads/2023/11/AG-Book-Stencil-Regular.woff2]
[thirtysecondstomars.com/wp-content/uploads/2023/11/AG-Book-Stencil-Regular.woff]
[thirtysecondstomars.com/wp-content/uploads/2023/11/AG-Book-Stencil-Regular-1.ttf]
[thirtysecondstomars.com/wp-content/uploads/elementor/css/post-66cfd.css]
[thirtysecondstomars.com/wp-content/plugins/elementor/assets/lib/font-awesome/webfonts/fa-brands-400.eot]
[thirtysecondstomars.com/wp-content/plugins/elementor/assets/lib/font-awesome/webfonts/fa-brands-400d41d.eot]
[thirtysecondstomars.com/wp-content/plugins/elementor/assets/lib/font-awesome/webfonts/fa-brands-400.ttf]
[thirtysecondstomars.com/wp-content/plugins/elementor/assets/lib/font-awesome/webfonts/fa-regular-400.eot]
[thirtysecondstomars.com/wp-content/plugins/elementor/assets/lib/font-awesome/webfonts/fa-regular-400d41d.eot]
[thirtysecondstomars.com/wp-content/plugins/elementor/assets/lib/font-awesome/webfonts/fa-regular-400.woff2]
[thirtysecondstomars.com/wp-content/plugins/elementor/assets/lib/font-awesome/webfonts/fa-regular-400.woff]
[thirtysecondstomars.com/wp-content/plugins/elementor/assets/lib/font-awesome/webfonts/fa-regular-400.ttf]
[thirtysecondstomars.com/wp-content/plugins/elementor/assets/lib/font-awesome/webfonts/fa-solid-900.eot]
[thirtysecondstomars.com/wp-content/plugins/elementor/assets/lib/font-awesome/webfonts/fa-solid-900d41d.eot]
[thirtysecondstomars.com/wp-content/plugins/elementor/assets/lib/font-awesome/webfonts/fa-solid-900.woff2]
[thirtysecondstomars.com/wp-content/plugins/elementor/assets/lib/font-awesome/webfonts/fa-solid-900.woff]
[thirtysecondstomars.com/wp-content/plugins/elementor/assets/lib/font-awesome/webfonts/fa-solid-900.ttf]
[thirtysecondstomars.com/wp-content/plugins/elementor/assets/lib/font-awesome/css/all.min3dd9.css]
[thirtysecondstomars.com/wp-content/plugins/elementor/assets/lib/font-awesome/css/v4-shims.min3dd9.css]
[thirtysecondstomars.com/wp-content/plugins/elementor/assets/css/widget-heading.min3dd9.css]
[thirtysecondstomars.com/wp-content/plugins/elementor-pro/assets/css/widget-loop-common.min3ea8.css]
[thirtysecondstomars.com/wp-content/plugins/elementor-pro/assets/css/widget-loop-grid.min3ea8.css]
[thirtysecondstomars.com/wp-content/plugins/elementor/assets/css/widget-spacer.min3dd9.css]
[thirtysecondstomars.com/wp-content/plugins/elementor/assets/lib/swiper/v8/css/swiper.min94a4.css]
[thirtysecondstomars.com/wp-content/plugins/elementor/assets/css/conditionals/e-swiper.min3dd9.css]
[thirtysecondstomars.com/wp-content/plugins/elementor-pro/assets/css/widget-loop-carousel.min3ea8.css]
[thirtysecondstomars.com/wp-content/plugins/elementor-pro/assets/css/widget-gallery.min3ea8.css]
[thirtysecondstomars.com/wp-content/plugins/elementor/assets/lib/e-gallery/css/e-gallery.min7359.css]
[thirtysecondstomars.com/wp-content/plugins/elementor-pro/assets/css/conditionals/transitions.min3ea8.css]
[thirtysecondstomars.com/wp-content/plugins/elementor/assets/css/widget-video.min3dd9.css]
[i0.wp.com/thirtysecondstomars.com/wp-content/uploads/2023/10/Rectangle-828655.jpg]
[i0.wp.com/thirtysecondstomars.com/wp-content/uploads/2023/10/background_15027.jpg]
[i0.wp.com/thirtysecondstomars.com/wp-content/uploads/2023/10/Group-68-13079.jpg]
[i0.wp.com/thirtysecondstomars.com/wp-content/uploads/2023/10/home_bg4bc6.jpg]
[thirtysecondstomars.com/wp-content/uploads/elementor/css/post-23922419.css]
[thirtysecondstomars.com/wp-content/uploads/elementor/css/post-121222419.css]
[thirtysecondstomars.com/wp-content/uploads/elementor/css/post-121082419.css]
[thirtysecondstomars.com/wp-content/plugins/essential-addons-for-elementor-lite/assets/front-end/css/view/general.min1b46.css]
[thirtysecondstomars.com/wp-content/plugins/elementor/assets/lib/font-awesome/css/fontawesome.min52d5.css]
[thirtysecondstomars.com/wp-content/plugins/elementor/assets/lib/font-awesome/css/solid.min52d5.css]
[thirtysecondstomars.com/wp-content/plugins/elementor/assets/lib/font-awesome/css/brands.min52d5.css]
[thirtysecondstomars.com/wp-content/plugins/woocommerce/assets/fonts/Inter-VariableFont_slnt,wght.woff2]
[thirtysecondstomars.com/wp-content/uploads/elementor/css/post-14962daac.css]
[thirtysecondstomars.com/wp-json/wp/v2/pages/14962.json]
[thirtysecondstomars.com/wp-json/oembed/1.0/embed3563.json]
[thirtysecondstomars.com/wp-json/oembed/1.0/embedc4f8]
[thirtysecondstomars.com/tour-date/sparkassen-park.html]
[thirtysecondstomars.com/june-29-2025-monchengladbach-germany-sparkassen-park.html]
[thirtysecondstomars.com/tour-date/ippodromo-snai-san-siro.html]
[thirtysecondstomars.com/july-2-2025-milan-italy-ippodromo-snai-san-siro.html]
[thirtysecondstomars.com/july-3-2025-gorizia-italy-casa-rossa-arena.html]
[thirtysecondstomars.com/tour-date/casa-rossa-arena.html]
[thirtysecondstomars.com/tour-date/piazza-napoleone.html]
[thirtysecondstomars.com/july-5-2025-lucca-italy-piazza-napoleone.html]
[thirtysecondstomars.com/tour-date/noisy-naples-fest.html]
[thirtysecondstomars.com/tour-date/collisioni-festival.html]
[thirtysecondstomars.com/july-6-2025-napoli-italy-noisy-naples-fest.html]
[thirtysecondstomars.com/july-8-2025-alba-italy-collisioni-festival.html]
[thirtysecondstomars.com/tour-date/cruilla-festival.html]
[thirtysecondstomars.com/tour-date/mad-cool.html]
[thirtysecondstomars.com/july-15-2025-fuengirola-spain-marenostrum.html]
[thirtysecondstomars.com/tour-date/marenostrum.html]
[thirtysecondstomars.com/tour-date/fib.html]
[thirtysecondstomars.com/tour-date/tsunami-festival.html]
[thirtysecondstomars.com/july-18-2025-gijon-spain-tsunami-festival.html]
[thirtysecondstomars.com/tour-date/meo-mares-vivas.html]
[thirtysecondstomars.com/tour.html]
[thirtysecondstomars.com/wp-content/plugins/elementor/assets/css/widget-image-box.min3dd9.css]
[thirtysecondstomars.com/wp-content/plugins/elementor/assets/css/widget-divider.min3dd9.css]
[thirtysecondstomars.com/july-19-2025-oporto-portugal-meo-mares-vivas.html]
[thirtysecondstomars.com/wp-json/wp/v2/pages/10031.json]
[thirtysecondstomars.com/wp-json/oembed/1.0/embed483e.json]
[thirtysecondstomars.com/wp-json/oembed/1.0/embed1a35]
[thirtysecondstomars.com/vip.html]
[thirtysecondstomars.com/wp-json/wp/v2/pages/21009.json]
[thirtysecondstomars.com/wp-json/oembed/1.0/embed8abd]
[thirtysecondstomars.com/wp-json/oembed/1.0/embed149a]
[thirtysecondstomars.com/a-beautiful-lie-20th-signup.html]
[thirtysecondstomars.com/wp-content/plugins/woocommerce-store-credit/assets/css/store-credit62df.css]
[thirtysecondstomars.com_443/wp-content/plugins/woocommerce-subscriptions/vendor/woocommerce/subscriptions-core/assets/css/view-subscriptione6df.css]
[thirtysecondstomars.com/wp-content/uploads/elementor/css/post-11444a.css]
[c0.wp.com/c/6.7.2/wp-includes/css/dashicons.min.css]
[thirtysecondstomars.com/wp-content/plugins/auctions-made-easy-for-woocommerce/assets/css/frontenda086.css]
[c0.wp.com/p/woocommerce/9.7.0/assets/js/selectWoo/selectWoo.full.min.js]
[c0.wp.com/p/woocommerce/9.7.0/assets/js/frontend/account-i18n.min.js]
[thirtysecondstomars.com/wp-content/plugins/auctions-made-easy-for-woocommerce/assets/js/frontend/frontenda086.js]
[thirtysecondstomars.com/wp-content/plugins/auctions-made-easy-for-woocommerce/assets/js/frontend/countdown-timera086.js]
[thirtysecondstomars.com/wp-content/plugins/auctions-made-easy-for-woocommerce/assets/js/frontend/live-ajaxa086.js]
[thirtysecondstomars.com/wp-json/wp/v2/pages/11.json]
[thirtysecondstomars.com/wp-json/oembed/1.0/embed2019.json]
[thirtysecondstomars.com/wp-json/oembed/1.0/embed911f]
[thirtysecondstomars.com/my-account.html]
[thirtysecondstomars.com/wp-content/uploads/elementor/css/post-14930a1df.css]
[thirtysecondstomars.com/wp-json/wp/v2/posts/21155.json]
[thirtysecondstomars.com/wp-json/oembed/1.0/embed87eb.json]
[thirtysecondstomars.com/wp-json/oembed/1.0/embed4323]
[thirtysecondstomars.com/tour-date/sports-complex-at-abay-159.html]
[thirtysecondstomars.com/june-21-2025-almaty-kazakhstan-sports-complex-at-abay-159/feed]
[thirtysecondstomars.com/wp-json/wp/v2/product_cat/248.json]
[thirtysecondstomars.com/june-21-2025-almaty-kazakhstan-sports-complex-at-abay-159.html]
[thirtysecondstomars.com/wp-json/wp/v2/posts/20431.json]
[thirtysecondstomars.com/wp-json/oembed/1.0/embedd007.json]
[thirtysecondstomars.com/wp-json/oembed/1.0/embed4ed3]
[thirtysecondstomars.com/tour-date/atlas-arena.html]
[thirtysecondstomars.com/june-25-2025-lodz-poland-atlas-arena/feed]
[thirtysecondstomars.com/wp-json/wp/v2/product_cat/236.json]
[thirtysecondstomars.com/june-25-2025-lodz-poland-atlas-arena/seasons-package-ticket-vip-lodz.html]
[thirtysecondstomars.com/june-25-2025-lodz-poland-atlas-arena/avalanche-package-upgrade-only-lodz.html]
[thirtysecondstomars.com/june-25-2025-lodz-poland-atlas-arena/avalanche-package-ticket-vip-lodz.html]
[thirtysecondstomars.com/june-25-2025-lodz-poland-atlas-arena/get-up-kid-package-upgrade-only-lodz.html]
[thirtysecondstomars.com/june-25-2025-lodz-poland-atlas-arena/get-up-kid-package-ticket-vip-lodz.html]
[thirtysecondstomars.com/june-25-2025-lodz-poland-atlas-arena/seasons-package-upgrade-only-lodz.html]
[thirtysecondstomars.com/june-25-2025-lodz-poland-atlas-arena.html]
[thirtysecondstomars.com/june-25-2025-lodz-poland-atlas-arena/early-entry-package-ticket-vip-lodz.html]
[thirtysecondstomars.com/wp-json/wp/v2/posts/20434.json]
[thirtysecondstomars.com/wp-json/oembed/1.0/embedfaa1.json]
[thirtysecondstomars.com/june-25-2025-lodz-poland-atlas-arena/early-entry-package-upgrade-only-lodz.html]
[thirtysecondstomars.com/wp-json/oembed/1.0/embed3f42]
[thirtysecondstomars.com/tour-date/peissnitz-insel.html]
[thirtysecondstomars.com/june-27-2025-halle-saale-germany-peissnitzinsel/feed]
[thirtysecondstomars.com/wp-json/wp/v2/product_cat/237.json]
[thirtysecondstomars.com/june-27-2025-halle-saale-germany-peissnitzinsel/avalanche-package-ticket-vip-halle-saale.html]
[thirtysecondstomars.com/june-27-2025-halle-saale-germany-peissnitzinsel/avalanche-package-upgrade-only-halle-saale.html]
[thirtysecondstomars.com/june-27-2025-halle-saale-germany-peissnitzinsel/seasons-package-ticket-vip-halle-saale.html]
[thirtysecondstomars.com/june-27-2025-halle-saale-germany-peissnitzinsel/seasons-package-upgrade-only-halle-saale.html]
[thirtysecondstomars.com/june-27-2025-halle-saale-germany-peissnitzinsel/get-up-kid-package-ticket-vip-halle-saale.html]
[thirtysecondstomars.com/june-27-2025-halle-saale-germany-peissnitzinsel/get-up-kid-package-upgrade-only-halle-saale.html]
[thirtysecondstomars.com/june-27-2025-halle-saale-germany-peissnitzinsel.html]
[thirtysecondstomars.com/june-27-2025-halle-saale-germany-peissnitzinsel/early-entry-package-ticket-vip-halle-saale.html]
[thirtysecondstomars.com/wp-json/wp/v2/posts/20437.json]
[thirtysecondstomars.com/june-27-2025-halle-saale-germany-peissnitzinsel/early-entry-package-upgrade-only-halle-saale.html]
[thirtysecondstomars.com/wp-json/oembed/1.0/embed67d9.json]
[thirtysecondstomars.com/wp-json/oembed/1.0/embedd32e]
[thirtysecondstomars.com/tour-date/freilichtbuhne-loreley.html]
[thirtysecondstomars.com/june-28-2025-st-goarshausen-germany-freilichtbuhne-loreley/feed]
[thirtysecondstomars.com/wp-json/wp/v2/product_cat/238.json]
[thirtysecondstomars.com/june-28-2025-st-goarshausen-germany-freilichtbuhne-loreley/avalanche-package-ticket-vip-st-goarshausen.html]
[thirtysecondstomars.com/june-28-2025-st-goarshausen-germany-freilichtbuhne-loreley/avalanche-package-upgrade-only-st-goarshausen.html]
[thirtysecondstomars.com/june-28-2025-st-goarshausen-germany-freilichtbuhne-loreley/seasons-package-ticket-vip-st-goarshausen.html]
[thirtysecondstomars.com/june-28-2025-st-goarshausen-germany-freilichtbuhne-loreley/seasons-package-upgrade-only-st-goarshausen.html]
[thirtysecondstomars.com/june-28-2025-st-goarshausen-germany-freilichtbuhne-loreley/get-up-kid-package-ticket-vip-st-goarshausen.html]
[thirtysecondstomars.com/june-28-2025-st-goarshausen-germany-freilichtbuhne-loreley/early-entry-package-ticket-vip-st-goarshausen.html]
[thirtysecondstomars.com/june-28-2025-st-goarshausen-germany-freilichtbuhne-loreley/get-up-kid-package-upgrade-only-st-goarshausen.html]
[thirtysecondstomars.com/june-28-2025-st-goarshausen-germany-freilichtbuhne-loreley.html]
[thirtysecondstomars.com/tour/index.html]
[thirtysecondstomars.com/june-28-2025-st-goarshausen-germany-freilichtbuhne-loreley/early-entry-package-upgrade-only-st-goarshausen.html]
[thirtysecondstomars.com/wp-content/plugins/woocommerce-gateway-stripe/assets/css/stripe-stylesedeb.css]
[c0.wp.com/p/woocommerce/9.7.0/assets/js/frontend/tokenization-form.min.js]
[thirtysecondstomars.com/wp-json/wp/v2/product/21186.json]
[i0.wp.com/thirtysecondstomars.com/wp-content/uploads/2023/11/tstm_sky_resize_07_CMYK_small_10806bdb.jpg]
[i0.wp.com/thirtysecondstomars.com/wp-content/uploads/2023/11/tstm_sky_resize_07_CMYK_small_10800f1c.jpg]
[thirtysecondstomars.com/wp-content/plugins/woocommerce-subscriptions/vendor/woocommerce/subscriptions-core/assets/js/frontend/single-producte6df.js]
[thirtysecondstomars.com/wp-content/plugins/woocommerce-gateway-stripe/assets/js/stripe-payment-request.minedeb.js]
[c0.wp.com/p/woocommerce/9.7.0/assets/js/jquery-payment/jquery.payment.min.js]
[thirtysecondstomars.com/wp-content/plugins/woocommerce-gateway-stripe/assets/js/stripe.minedeb.js]
[thirtysecondstomars.com/wp-content/plugins/klaviyo/includes/js/wck-viewed-productcd45.js]
[c0.wp.com/c/6.7.2/wp-includes/js/backbone.min.js]
[thirtysecondstomars.com/wp-content/plugins/woocommerce-payment-plans-for-subscriptions/includes/att/assets/js/frontend/single-add-to-cart12b2.js]
[c0.wp.com/c/6.7.2/wp-includes/js/dist/dom-ready.min.js]
[c0.wp.com/c/6.7.2/wp-includes/js/dist/vendor/wp-polyfill.min.js]
[thirtysecondstomars.com/wp-content/plugins/woocommerce-payments/dist/frontend-tracks245d.js]
[thirtysecondstomars.com/june-21-2025-almaty-kazakhstan-sports-complex-at-abay-159/get-up-kid-package-upgrade-only-almaty-2025.html]
[thirtysecondstomars.com/index3f26.html]
[thirtysecondstomars.com/wp-json/wp/v2/product/21191.json]
[i0.wp.com/thirtysecondstomars.com/wp-content/uploads/2023/11/tstm_sky_resize_02_CMYK_small_10806bdb.jpg]
[i0.wp.com/thirtysecondstomars.com/wp-content/uploads/2023/11/tstm_sky_resize_02_CMYK_small_10800f1c.jpg]
[thirtysecondstomars.com/june-21-2025-almaty-kazakhstan-sports-complex-at-abay-159/avalanche-package-ticket-vip-almaty-2025.html]
[thirtysecondstomars.com/wp-json/wp/v2/product/21184.json]
[i0.wp.com/thirtysecondstomars.com/wp-content/uploads/2023/11/tstm_sky_resize_09_CMYK_small_10806bdb.jpg]
[i0.wp.com/thirtysecondstomars.com/wp-content/uploads/2023/11/tstm_sky_resize_09_CMYK_small_10800f1c.jpg]
[thirtysecondstomars.com/june-21-2025-almaty-kazakhstan-sports-complex-at-abay-159/early-entry-package-upgrade-only-almaty-2025.html]
[thirtysecondstomars.com/index6803.html]
[thirtysecondstomars.com/wp-json/wp/v2/product/21188.json]
[i0.wp.com/thirtysecondstomars.com/wp-content/uploads/2023/11/tstm_sky_resize_05_CMYK_small_10806bdb.jpg]
[i0.wp.com/thirtysecondstomars.com/wp-content/uploads/2023/11/tstm_sky_resize_05_CMYK_small_10800f1c.jpg]
[thirtysecondstomars.com/june-21-2025-almaty-kazakhstan-sports-complex-at-abay-159/seasons-package-upgrade-only-almaty-2025.html]
[thirtysecondstomars.com/wp-json/wp/v2/product/21190.json]
[thirtysecondstomars.com/june-21-2025-almaty-kazakhstan-sports-complex-at-abay-159/avalanche-package-upgrade-only-almaty-2025.html]
[thirtysecondstomars.com/wp-json/wp/v2/product/21189.json]
[thirtysecondstomars.com/june-21-2025-almaty-kazakhstan-sports-complex-at-abay-159/seasons-package-ticket-vip-almaty-2025.html]
[thirtysecondstomars.com/wp-json/wp/v2/product/21185.json]
[thirtysecondstomars.com/june-21-2025-almaty-kazakhstan-sports-complex-at-abay-159/early-entry-package-ticket-vip-almaty-2025.html]
[thirtysecondstomars.com/wp-json/wp/v2/product/21187.json]
[thirtysecondstomars.com/june-21-2025-almaty-kazakhstan-sports-complex-at-abay-159/get-up-kid-package-ticket-vip-almaty-2025.html]
[thirtysecondstomars.com/indexa48f.html]
[thirtysecondstomars.com/wp-json/wp/v2/product/20888.json]
[thirtysecondstomars.com/july-15-2025-fuengirola-spain-marenostrum/seasons-package-upgrade-only-fuengirola.html]
[thirtysecondstomars.com/july-15-2025-fuengirola-spain-marenostrum/early-entry-package-upgrade-only-fuengirola.html]
[thirtysecondstomars.com/index7b1c.html]
[thirtysecondstomars.com/july-15-2025-fuengirola-spain-marenostrum/seasons-package-ticket-vip-fuengirola.html]
[thirtysecondstomars.com/wp-json/wp/v2/product/20889.json]
[thirtysecondstomars.com/july-15-2025-fuengirola-spain-marenostrum/avalanche-package-ticket-vip-fuengirola.html]
[thirtysecondstomars.com/july-15-2025-fuengirola-spain-marenostrum/early-entry-package-ticket-vip-fuengirola.html]
[thirtysecondstomars.com/indexcd2b.html]
[thirtysecondstomars.com/url(https_/i0.wp.com/thirtysecondstomars.com/wp-content/uploads/2023/10/home_bgfe59.html]
[thirtysecondstomars.com/wp-content/uploads/2023/10/Rectangle-19-2.svg]
[thirtysecondstomars.com/wp-content/uploads/2023/10/Rectangle-20.svg]
[thirtysecondstomars.com/wp-content/uploads/2023/10/Rectangle-21.svg]
[thirtysecondstomars.com/wp-content/uploads/2023/10/Rectangle-52.svg]
[thirtysecondstomars.com/wp-content/uploads/2023/10/Rectangle-54.svg]
[thirtysecondstomars.com/july-15-2025-fuengirola-spain-marenostrum/get-up-kid-package-ticket-vip-fuengirola.html]
[thirtysecondstomars.com/july-15-2025-fuengirola-spain-marenostrum/avalanche-package-upgrade-only-fuengirola.html]
[thirtysecondstomars.com/wp-json/wp/v2/pages/11947.json]
[thirtysecondstomars.com/wp-json/oembed/1.0/embedf2cd.json]
[thirtysecondstomars.com/wp-json/oembed/1.0/embed07fe]
[thirtysecondstomars.com/faq.html]
[thirtysecondstomars.com/wp-json/wp/v2/pages/12164.json]
[thirtysecondstomars.com/wp-json/oembed/1.0/embed7396.json]
[thirtysecondstomars.com/wp-json/oembed/1.0/embed608b]
[thirtysecondstomars.com/purchase-policy-terms-conditions.html]
[thirtysecondstomars.com/wp-json/wp/v2/pages/11954.json]
[thirtysecondstomars.com/wp-json/oembed/1.0/embeda0f3.json]
[thirtysecondstomars.com/wp-json/oembed/1.0/embed3592]
[thirtysecondstomars.com/terms-conditions.html]
[thirtysecondstomars.com/wp-json/wp/v2/pages/11680.json]
[thirtysecondstomars.com/wp-json/oembed/1.0/embed6185.json]
[thirtysecondstomars.com/wp-json/oembed/1.0/embed74ea]
[thirtysecondstomars.com/privacy-policy.html]
[thirtysecondstomars.com/wp-json/wp/v2/pages/11956.json]
[thirtysecondstomars.com/wp-json/oembed/1.0/embed936d.json]
[thirtysecondstomars.com/wp-json/oembed/1.0/embedc3d2]
[thirtysecondstomars.com/contact-us.html]
[c0.wp.com/p/woocommerce/9.7.0/assets/client/blocks/wc-blocks.css]
[thirtysecondstomars.com/wp-content/plugins/elementor-pro/assets/css/widget-post-info.min3ea8.css]
[thirtysecondstomars.com/wp-content/plugins/elementor/assets/css/widget-icon-list.min3dd9.css]
[thirtysecondstomars.com/wp-content/plugins/elementor/assets/lib/font-awesome/css/regular.min52d5.css]
[thirtysecondstomars.com/wp-content/uploads/elementor/css/post-12517a734.css]
[thirtysecondstomars.com/wp-content/plugins/elementor/assets/lib/animations/styles/slideInDown.min3dd9.css]
[thirtysecondstomars.com/wp-content/plugins/elementor-pro/assets/css/conditionals/popup.min3ea8.css]
[c0.wp.com/p/woocommerce/9.7.0/assets/css/photoswipe/default-skin/default-skin.png]
[c0.wp.com/p/woocommerce/9.7.0/assets/css/photoswipe/photoswipe.min.css]
[c0.wp.com/p/woocommerce/9.7.0/assets/css/photoswipe/default-skin/default-skin.svg]
[c0.wp.com/p/woocommerce/9.7.0/assets/css/photoswipe/default-skin/preloader.gif]
[c0.wp.com/p/woocommerce/9.7.0/assets/css/photoswipe/default-skin/default-skin.min.css]
[c0.wp.com/c/6.7.2/wp-includes/js/mediaelement/mejs-controls.svg]
[thirtysecondstomars.com/wp-content/plugins/woocommerce-payment-plans-for-subscriptions/public/images/icon-select.svg]
[thirtysecondstomars.com/wp-content/plugins/woocommerce/assets/fonts/star.html]
[thirtysecondstomars.com/wp-content/uploads/elementor/css/post-158882437.css]
[thirtysecondstomars.com/wp-content/plugins/woocommerce/assets/fonts/stard41d.html]
[thirtysecondstomars.com/wp-content/plugins/woocommerce/assets/fonts/star.svg]
[thirtysecondstomars.com/wp-content/plugins/woocommerce/assets/fonts/WooCommerce.html]
[thirtysecondstomars.com/wp-content/plugins/woocommerce/assets/fonts/WooCommerced41d.html]
[thirtysecondstomars.com/wp-content/plugins/woocommerce/assets/fonts/WooCommerce.svg]
[thirtysecondstomars.com/wp-content/plugins/woocommerce/assets/images/icons/loader.svg]
[thirtysecondstomars.com/wp-content/plugins/woocommerce/assets/images/icons/credit-cards/visa.svg]
[thirtysecondstomars.com/wp-content/plugins/woocommerce/assets/images/icons/credit-cards/mastercard.svg]
[thirtysecondstomars.com/wp-content/plugins/woocommerce/assets/images/icons/credit-cards/laser.svg]
[thirtysecondstomars.com/wp-content/plugins/woocommerce/assets/images/icons/credit-cards/diners.svg]
[thirtysecondstomars.com/wp-content/plugins/woocommerce/assets/images/icons/credit-cards/maestro.svg]
[thirtysecondstomars.com/wp-content/plugins/woocommerce/assets/images/icons/credit-cards/jcb.svg]
[thirtysecondstomars.com/wp-content/plugins/woocommerce/assets/images/icons/credit-cards/amex.svg]
[thirtysecondstomars.com/wp-content/plugins/woocommerce/assets/images/icons/credit-cards/discover.svg]
[thirtysecondstomars.com/wp-content/plugins/easy-login-woocommerce/assets/fonts/Easy-Login80c3.svg]
[thirtysecondstomars.com/wp-content/plugins/woocommerce-payment-plans-for-subscriptions/includes/att/assets/fonts/fa-apfsd1f1.svg]
[thirtysecondstomars.com/wp-content/plugins/elementor/assets/lib/font-awesome/webfonts/fa-brands-400.woff2]
[thirtysecondstomars.com/wp-content/plugins/elementor/assets/lib/font-awesome/webfonts/fa-brands-400.woff]
[thirtysecondstomars.com/wp-content/plugins/elementor/assets/lib/font-awesome/webfonts/fa-brands-400d41d.eot]
[thirtysecondstomars.com/wp-content/plugins/elementor/assets/lib/font-awesome/webfonts/fa-brands-400.svg]
[thirtysecondstomars.com/wp-content/plugins/elementor/assets/lib/font-awesome/webfonts/fa-regular-400.svg]
[thirtysecondstomars.com/wp-content/plugins/elementor/assets/lib/font-awesome/webfonts/fa-solid-900.svg]
[thirtysecondstomars.com/wp-content/uploads/elementor/css/post-14962daac.css]
[thirtysecondstomars.com/index176a.html]
[thirtysecondstomars.com/wp-json/wp/v2/posts/20440.json]
[thirtysecondstomars.com/wp-json/oembed/1.0/embedaa56.json]
[thirtysecondstomars.com/wp-json/oembed/1.0/embed9be0]
[thirtysecondstomars.com/tour-date/sparkassen-park.html]
[thirtysecondstomars.com/june-29-2025-monchengladbach-germany-sparkassen-park/feed]
[thirtysecondstomars.com/wp-json/wp/v2/product_cat/239.json]
[thirtysecondstomars.com/june-29-2025-monchengladbach-germany-sparkassen-park/avalanche-package-ticket-vip-monchengladbach.html]
[thirtysecondstomars.com/june-29-2025-monchengladbach-germany-sparkassen-park/seasons-package-ticket-vip-monchengladbach.html]
[thirtysecondstomars.com/june-29-2025-monchengladbach-germany-sparkassen-park/avalanche-package-upgrade-only-monchengladbach.html]
[thirtysecondstomars.com/june-29-2025-monchengladbach-germany-sparkassen-park/seasons-package-upgrade-only-monchengladbach.html]
[thirtysecondstomars.com/june-29-2025-monchengladbach-germany-sparkassen-park/get-up-kid-package-ticket-vip-monchengladbach.html]
[thirtysecondstomars.com/june-29-2025-monchengladbach-germany-sparkassen-park/get-up-kid-package-upgrade-only-monchengladbach.html]
[thirtysecondstomars.com/june-29-2025-monchengladbach-germany-sparkassen-park.html]
[thirtysecondstomars.com/wp-json/wp/v2/posts/20444.json]
[thirtysecondstomars.com/wp-json/oembed/1.0/embedb9b8.json]
[thirtysecondstomars.com/wp-json/oembed/1.0/embed5ea8]
[thirtysecondstomars.com/tour-date/ippodromo-snai-san-siro.html]
[thirtysecondstomars.com/july-2-2025-milan-italy-ippodromo-snai-san-siro/feed]
[thirtysecondstomars.com/wp-json/wp/v2/product_cat/240.json]
[thirtysecondstomars.com/june-29-2025-monchengladbach-germany-sparkassen-park/early-entry-package-ticket-vip-monchengladbach.html]
[thirtysecondstomars.com/june-29-2025-monchengladbach-germany-sparkassen-park/early-entry-package-upgrade-only-monchengladbach.html]
[thirtysecondstomars.com/july-2-2025-milan-italy-ippodromo-snai-san-siro/avalanche-package-ticket-vip-milan.html]
[thirtysecondstomars.com/july-2-2025-milan-italy-ippodromo-snai-san-siro/avalanche-package-upgrade-only-milan.html]
[thirtysecondstomars.com/july-2-2025-milan-italy-ippodromo-snai-san-siro/seasons-package-ticket-vip-milan.html]
[thirtysecondstomars.com/july-2-2025-milan-italy-ippodromo-snai-san-siro/seasons-package-upgrade-only-milan.html]
[thirtysecondstomars.com/july-2-2025-milan-italy-ippodromo-snai-san-siro/get-up-kid-package-ticket-vip-milan.html]
[thirtysecondstomars.com/july-2-2025-milan-italy-ippodromo-snai-san-siro/get-up-kid-package-upgrade-only-milan.html]
[thirtysecondstomars.com/july-2-2025-milan-italy-ippodromo-snai-san-siro/early-entry-package-ticket-vip-milan.html]
[thirtysecondstomars.com/july-2-2025-milan-italy-ippodromo-snai-san-siro.html]
[thirtysecondstomars.com/wp-json/wp/v2/posts/20447.json]
[thirtysecondstomars.com/july-2-2025-milan-italy-ippodromo-snai-san-siro/early-entry-package-upgrade-only-milan.html]
[thirtysecondstomars.com/wp-json/oembed/1.0/embeda3d0.json]
[thirtysecondstomars.com/wp-json/oembed/1.0/embed3aa7]
[thirtysecondstomars.com/tour-date/casa-rossa-arena.html]
[thirtysecondstomars.com/july-3-2025-gorizia-italy-casa-rossa-arena/feed]
[thirtysecondstomars.com/wp-json/wp/v2/product_cat/241.json]
[thirtysecondstomars.com/july-3-2025-gorizia-italy-casa-rossa-arena/avalanche-package-ticket-vip-gorizia.html]
[thirtysecondstomars.com/july-3-2025-gorizia-italy-casa-rossa-arena/avalanche-package-upgrade-only-gorizia.html]
[thirtysecondstomars.com/july-3-2025-gorizia-italy-casa-rossa-arena/seasons-package-ticket-vip-gorizia.html]
[thirtysecondstomars.com/july-3-2025-gorizia-italy-casa-rossa-arena/seasons-package-upgrade-only-gorizia.html]
[thirtysecondstomars.com/july-3-2025-gorizia-italy-casa-rossa-arena/get-up-kid-package-ticket-vip-gorizia.html]
[thirtysecondstomars.com/july-3-2025-gorizia-italy-casa-rossa-arena/get-up-kid-package-upgrade-only-gorizia.html]
[thirtysecondstomars.com/july-3-2025-gorizia-italy-casa-rossa-arena.html]
[thirtysecondstomars.com/july-3-2025-gorizia-italy-casa-rossa-arena/early-entry-package-ticket-vip-gorizia.html]
[thirtysecondstomars.com/wp-json/wp/v2/posts/20467.json]
[thirtysecondstomars.com/wp-json/oembed/1.0/embede497.json]
[thirtysecondstomars.com/july-3-2025-gorizia-italy-casa-rossa-arena/early-entry-package-upgrade-only-gorizia.html]
[thirtysecondstomars.com/wp-json/oembed/1.0/embed23a7]
[thirtysecondstomars.com/tour-date/piazza-napoleone.html]
[thirtysecondstomars.com/july-5-2025-lucca-italy-piazza-napoleone/feed]
[thirtysecondstomars.com/wp-json/wp/v2/product_cat/242.json]
[thirtysecondstomars.com/cart.html]
[thirtysecondstomars.com/july-5-2025-lucca-italy-piazza-napoleone/avalanche-package-ticket-vip-lucca-coming-soon.html]
[thirtysecondstomars.com/july-5-2025-lucca-italy-piazza-napoleone/avalanche-package-upgrade-only-lucca-coming-soon.html]
[thirtysecondstomars.com/july-5-2025-lucca-italy-piazza-napoleone/seasons-package-ticket-vip-lucca-coming-soon.html]
[thirtysecondstomars.com/july-5-2025-lucca-italy-piazza-napoleone/get-up-kid-package-ticket-vip-lucca.html]
[thirtysecondstomars.com/july-5-2025-lucca-italy-piazza-napoleone/seasons-package-upgrade-only-lucca-coming-soon.html]
[thirtysecondstomars.com/july-5-2025-lucca-italy-piazza-napoleone/get-up-kid-package-upgrade-only-lucca.html]
[thirtysecondstomars.com/july-5-2025-lucca-italy-piazza-napoleone.html]
[thirtysecondstomars.com/july-5-2025-lucca-italy-piazza-napoleone/early-entry-package-ticket-vip-lucca.html]
[thirtysecondstomars.com/wp-json/wp/v2/posts/20470.json]
[thirtysecondstomars.com/wp-json/oembed/1.0/embed666e.json]
[thirtysecondstomars.com/july-5-2025-lucca-italy-piazza-napoleone/early-entry-package-upgrade-only-lucca.html]
[thirtysecondstomars.com/wp-json/oembed/1.0/embed5560]
[thirtysecondstomars.com/tour-date/noisy-naples-fest.html]
[thirtysecondstomars.com/july-6-2025-napoli-italy-noisy-naples-fest/feed]
[thirtysecondstomars.com/wp-json/wp/v2/product_cat/243.json]
[thirtysecondstomars.com/july-6-2025-napoli-italy-noisy-naples-fest/avalanche-package-upgrade-only-napoli.html]
[thirtysecondstomars.com/july-6-2025-napoli-italy-noisy-naples-fest/avalanche-package-ticket-vip-napoli.html]
[thirtysecondstomars.com/july-6-2025-napoli-italy-noisy-naples-fest/seasons-package-ticket-vip-napoli.html]
[thirtysecondstomars.com/july-6-2025-napoli-italy-noisy-naples-fest/seasons-package-upgrade-only-napoli.html]
[thirtysecondstomars.com/july-6-2025-napoli-italy-noisy-naples-fest/get-up-kid-package-ticket-vip-napoli.html]
[thirtysecondstomars.com/july-6-2025-napoli-italy-noisy-naples-fest.html]
[thirtysecondstomars.com/wp-json/wp/v2/posts/20473.json]
[thirtysecondstomars.com/july-6-2025-napoli-italy-noisy-naples-fest/get-up-kid-package-upgrade-only-napoli.html]
[thirtysecondstomars.com/wp-json/oembed/1.0/embed7982.json]
[thirtysecondstomars.com/wp-json/oembed/1.0/embed791b]
[thirtysecondstomars.com/tour-date/collisioni-festival.html]
[thirtysecondstomars.com/july-8-2025-alba-italy-collisioni-festival/feed]
[thirtysecondstomars.com/wp-json/wp/v2/product_cat/244.json]
[thirtysecondstomars.com/july-8-2025-alba-italy-collisioni-festival/avalanche-package-ticket-vip-alba.html]
[thirtysecondstomars.com/july-8-2025-alba-italy-collisioni-festival/avalanche-package-upgrade-only-alba.html]
[thirtysecondstomars.com/july-8-2025-alba-italy-collisioni-festival/seasons-package-ticket-vip-alba.html]
[thirtysecondstomars.com/july-8-2025-alba-italy-collisioni-festival/seasons-package-upgrade-only-alba.html]
[thirtysecondstomars.com/july-8-2025-alba-italy-collisioni-festival/get-up-kid-package-ticket-vip-alba.html]
[thirtysecondstomars.com/july-8-2025-alba-italy-collisioni-festival/get-up-kid-package-upgrade-only-alba.html]
[thirtysecondstomars.com/july-8-2025-alba-italy-collisioni-festival.html]
[thirtysecondstomars.com/july-8-2025-alba-italy-collisioni-festival/early-entry-package-ticket-vip-alba.html]
[thirtysecondstomars.com/july-8-2025-alba-italy-collisioni-festival/early-entry-package-upgrade-only-alba.html]
[thirtysecondstomars.com/tour-date/cruilla-festival/feed]
[thirtysecondstomars.com/wp-json/wp/v2/posts/20372.json]
[thirtysecondstomars.com/wp-json/oembed/1.0/embed96ad.json]
[thirtysecondstomars.com/wp-json/oembed/1.0/embed2072]
[thirtysecondstomars.com/tour-date/cruilla-festival.html]
[thirtysecondstomars.com/wp-json/wp/v2/posts/21780.json]
[thirtysecondstomars.com/wp-json/oembed/1.0/embeddb18.json]
[thirtysecondstomars.com/wp-json/oembed/1.0/embed0011]
[thirtysecondstomars.com/tour-date/mad-cool.html]
[thirtysecondstomars.com/wp-json/wp/v2/posts/20476.json]
[thirtysecondstomars.com/wp-json/oembed/1.0/embed0b01.json]
[thirtysecondstomars.com/wp-json/oembed/1.0/embed6038]
[thirtysecondstomars.com/tour-date/marenostrum.html]
[thirtysecondstomars.com/july-15-2025-fuengirola-spain-marenostrum/feed]
[thirtysecondstomars.com/wp-json/wp/v2/product_cat/245.json]
[thirtysecondstomars.com/july-15-2025-fuengirola-spain-marenostrum.html]
[thirtysecondstomars.com/wp-json/wp/v2/posts/21058.json]
[thirtysecondstomars.com/wp-json/oembed/1.0/embed1f0a.json]
[thirtysecondstomars.com/july-15-2025-fuengirola-spain-marenostrum/get-up-kid-package-upgrade-only-fuengirola.html]
[thirtysecondstomars.com/wp-json/oembed/1.0/embede293]
[thirtysecondstomars.com/tour-date/fib.html]
[thirtysecondstomars.com/wp-json/wp/v2/posts/20457.json]
[thirtysecondstomars.com/wp-json/oembed/1.0/embedea77.json]
[thirtysecondstomars.com/wp-json/oembed/1.0/embeda2b0]
[thirtysecondstomars.com/tour-date/tsunami-festival.html]
[thirtysecondstomars.com/july-18-2025-gijon-spain-tsunami-festival/feed]
[thirtysecondstomars.com/wp-json/wp/v2/product_cat/247.json]
[thirtysecondstomars.com/july-18-2025-gijon-spain-tsunami-festival.html]
[thirtysecondstomars.com/wp-json/wp/v2/posts/20479.json]
[thirtysecondstomars.com/wp-json/oembed/1.0/embed3c53.json]
[thirtysecondstomars.com/wp-json/oembed/1.0/embed7964]
[thirtysecondstomars.com/tour-date/meo-mares-vivas.html]
[thirtysecondstomars.com/july-19-2025-oporto-portugal-meo-mares-vivas/feed]
[thirtysecondstomars.com/wp-json/wp/v2/product_cat/246.json]
[thirtysecondstomars.com/july-19-2025-oporto-portugal-meo-mares-vivas.html]
[thirtysecondstomars.com/wp-content/plugins/elementor/assets/css/widget-image-box.min3dd9.css]
[thirtysecondstomars.com/wp-content/plugins/elementor/assets/css/widget-divider.min3dd9.css]
[thirtysecondstomars.com/index330b.html]
[thirtysecondstomars.com/index3a8a.html]
[thirtysecondstomars.com/wp-content/plugins/woocommerce-store-credit/assets/css/store-credit62df.css]
[c0.wp.com/p/woocommerce/9.7.0/assets/css/select2.css]
[thirtysecondstomars.com_443/wp-content/plugins/woocommerce-subscriptions/vendor/woocommerce/subscriptions-core/assets/css/view-subscriptione6df.css]
[thirtysecondstomars.com/wp-content/uploads/elementor/css/post-11444a.css]
[c0.wp.com/c/6.7.2/wp-includes/css/dashicons.min.css]
[thirtysecondstomars.com/wp-content/plugins/auctions-made-easy-for-woocommerce/assets/css/frontenda086.css]
[thirtysecondstomars.com/index5757.html]
[thirtysecondstomars.com/wp-content/uploads/elementor/css/post-14930a1df.css]
[thirtysecondstomars.com/index1ff8.html]
[thirtysecondstomars.com/index1fc9.html]
[thirtysecondstomars.com/wp-json/wp/v2/product/20628.json]
[thirtysecondstomars.com/june-25-2025-lodz-poland-atlas-arena/avalanche-package-ticket-vip-lodz.html]
[thirtysecondstomars.com/wp-json/wp/v2/product/20627.json]
[thirtysecondstomars.com/june-25-2025-lodz-poland-atlas-arena/avalanche-package-upgrade-only-lodz.html]
[thirtysecondstomars.com/wp-json/wp/v2/product/20626.json]
[thirtysecondstomars.com/june-25-2025-lodz-poland-atlas-arena/seasons-package-ticket-vip-lodz.html]
[thirtysecondstomars.com/wp-json/wp/v2/product/20625.json]
[thirtysecondstomars.com/june-25-2025-lodz-poland-atlas-arena/seasons-package-upgrade-only-lodz.html]
[thirtysecondstomars.com/wp-json/wp/v2/product/20624.json]
[thirtysecondstomars.com/june-25-2025-lodz-poland-atlas-arena/get-up-kid-package-ticket-vip-lodz.html]
[thirtysecondstomars.com/wp-json/wp/v2/product/20623.json]
[thirtysecondstomars.com/june-25-2025-lodz-poland-atlas-arena/get-up-kid-package-upgrade-only-lodz.html]
[thirtysecondstomars.com/wp-json/wp/v2/product/20622.json]
[thirtysecondstomars.com/june-25-2025-lodz-poland-atlas-arena/early-entry-package-ticket-vip-lodz.html]
[thirtysecondstomars.com/wp-json/wp/v2/product/20621.json]
[thirtysecondstomars.com/june-25-2025-lodz-poland-atlas-arena/early-entry-package-upgrade-only-lodz.html]
[thirtysecondstomars.com/index2a70.html]
[thirtysecondstomars.com/wp-json/wp/v2/product/20565.json]
[thirtysecondstomars.com/june-27-2025-halle-saale-germany-peissnitzinsel/avalanche-package-ticket-vip-halle-saale.html]
[thirtysecondstomars.com/wp-json/wp/v2/product/20564.json]
[thirtysecondstomars.com/june-27-2025-halle-saale-germany-peissnitzinsel/avalanche-package-upgrade-only-halle-saale.html]
[thirtysecondstomars.com/wp-json/wp/v2/product/20563.json]
[thirtysecondstomars.com/june-27-2025-halle-saale-germany-peissnitzinsel/seasons-package-ticket-vip-halle-saale.html]
[thirtysecondstomars.com/wp-json/wp/v2/product/20562.json]
[thirtysecondstomars.com/june-27-2025-halle-saale-germany-peissnitzinsel/seasons-package-upgrade-only-halle-saale.html]
[thirtysecondstomars.com/wp-json/wp/v2/product/20561.json]
[thirtysecondstomars.com/june-27-2025-halle-saale-germany-peissnitzinsel/get-up-kid-package-ticket-vip-halle-saale.html]
[thirtysecondstomars.com/wp-json/wp/v2/product/20560.json]
[thirtysecondstomars.com/june-27-2025-halle-saale-germany-peissnitzinsel/get-up-kid-package-upgrade-only-halle-saale.html]
[thirtysecondstomars.com/wp-json/wp/v2/product/20559.json]
[thirtysecondstomars.com/june-27-2025-halle-saale-germany-peissnitzinsel/early-entry-package-ticket-vip-halle-saale.html]
[thirtysecondstomars.com/wp-json/wp/v2/product/20555.json]
[thirtysecondstomars.com/june-27-2025-halle-saale-germany-peissnitzinsel/early-entry-package-upgrade-only-halle-saale.html]
[thirtysecondstomars.com/index00f8.html]
[thirtysecondstomars.com/wp-json/wp/v2/product/20580.json]
[thirtysecondstomars.com/june-28-2025-st-goarshausen-germany-freilichtbuhne-loreley/avalanche-package-ticket-vip-st-goarshausen.html]
[thirtysecondstomars.com/wp-json/wp/v2/product/20579.json]
[thirtysecondstomars.com/june-28-2025-st-goarshausen-germany-freilichtbuhne-loreley/avalanche-package-upgrade-only-st-goarshausen.html]
[thirtysecondstomars.com/wp-json/wp/v2/product/20578.json]
[thirtysecondstomars.com/june-28-2025-st-goarshausen-germany-freilichtbuhne-loreley/seasons-package-ticket-vip-st-goarshausen.html]
[thirtysecondstomars.com/wp-json/wp/v2/product/20577.json]
[thirtysecondstomars.com/june-28-2025-st-goarshausen-germany-freilichtbuhne-loreley/seasons-package-upgrade-only-st-goarshausen.html]
[thirtysecondstomars.com/wp-json/wp/v2/product/20576.json]
[thirtysecondstomars.com/june-28-2025-st-goarshausen-germany-freilichtbuhne-loreley/get-up-kid-package-ticket-vip-st-goarshausen.html]
[thirtysecondstomars.com/wp-json/wp/v2/product/20575.json]
[thirtysecondstomars.com/june-28-2025-st-goarshausen-germany-freilichtbuhne-loreley/get-up-kid-package-upgrade-only-st-goarshausen.html]
[thirtysecondstomars.com/wp-json/wp/v2/product/20574.json]
[thirtysecondstomars.com/june-28-2025-st-goarshausen-germany-freilichtbuhne-loreley/early-entry-package-ticket-vip-st-goarshausen.html]
[thirtysecondstomars.com/wp-json/wp/v2/product/20573.json]
[thirtysecondstomars.com/june-28-2025-st-goarshausen-germany-freilichtbuhne-loreley/early-entry-package-upgrade-only-st-goarshausen.html]
[thirtysecondstomars.com/wp-content/plugins/woocommerce-gateway-stripe/assets/css/stripe-stylesedeb.css]
[thirtysecondstomars.com/indexc7a1.html]
[thirtysecondstomars.com/wp-json/oembed/1.0/embed4bcb.json]
[thirtysecondstomars.com/wp-json/oembed/1.0/embed406e]
[thirtysecondstomars.com/indexb3d9.html]
[thirtysecondstomars.com/wp-json/oembed/1.0/embedc41a.json]
[thirtysecondstomars.com/wp-json/oembed/1.0/embedd45b]
[thirtysecondstomars.com/indexcf94.html]
[thirtysecondstomars.com/wp-json/oembed/1.0/embede4f4.json]
[thirtysecondstomars.com/wp-json/oembed/1.0/embed96e2]
[thirtysecondstomars.com/indexcc7c.html]
[thirtysecondstomars.com/wp-json/oembed/1.0/embed255c.json]
[thirtysecondstomars.com/wp-json/oembed/1.0/embede725]
[thirtysecondstomars.com/indexe5ab.html]
[thirtysecondstomars.com/wp-json/oembed/1.0/embede837.json]
[thirtysecondstomars.com/wp-json/oembed/1.0/embed41da]
[thirtysecondstomars.com/indexdd9a.html]
[thirtysecondstomars.com/wp-json/oembed/1.0/embed2b10.json]
[thirtysecondstomars.com/wp-json/oembed/1.0/embedb724]
[thirtysecondstomars.com/indexc986.html]
[thirtysecondstomars.com/wp-json/oembed/1.0/embed18e1.json]
[thirtysecondstomars.com/wp-json/oembed/1.0/embed0c65]
[thirtysecondstomars.com/index8876.html]
[thirtysecondstomars.com/wp-json/oembed/1.0/embedcdb6.json]
[thirtysecondstomars.com/wp-json/oembed/1.0/embed45af]
[thirtysecondstomars.com/index1d50.html]
[thirtysecondstomars.com/wp-json/oembed/1.0/embed66ac.json]
[thirtysecondstomars.com/wp-json/oembed/1.0/embedf535]
[thirtysecondstomars.com/wp-json/wp/v2/product/20892.json]
[thirtysecondstomars.com/july-15-2025-fuengirola-spain-marenostrum/seasons-package-upgrade-only-fuengirola.html]
[thirtysecondstomars.com/wp-json/wp/v2/product/20893.json]
[thirtysecondstomars.com/july-15-2025-fuengirola-spain-marenostrum/seasons-package-ticket-vip-fuengirola.html]
[thirtysecondstomars.com/wp-json/wp/v2/product/20895.json]
[thirtysecondstomars.com/july-15-2025-fuengirola-spain-marenostrum/avalanche-package-ticket-vip-fuengirola.html]
[thirtysecondstomars.com/indexda40.html]
[thirtysecondstomars.com/wp-json/oembed/1.0/embed818b.json]
[thirtysecondstomars.com/wp-json/oembed/1.0/embedba7e]
[thirtysecondstomars.com/wp-json/wp/v2/product/20891.json]
[thirtysecondstomars.com/july-15-2025-fuengirola-spain-marenostrum/get-up-kid-package-ticket-vip-fuengirola.html]
[thirtysecondstomars.com/wp-json/wp/v2/product/20894.json]
[thirtysecondstomars.com/july-15-2025-fuengirola-spain-marenostrum/avalanche-package-upgrade-only-fuengirola.html]
[thirtysecondstomars.com/wp-content/uploads/2023/10/Rectangle-53.svg]
[thirtysecondstomars.com/index92e7.html]
[thirtysecondstomars.com/indexebb5.html]
[thirtysecondstomars.com/indexe347.html]
[thirtysecondstomars.com/index026c.html]
[thirtysecondstomars.com/index981e.html]
[thirtysecondstomars.com/faq/index.html]
[c0.wp.com/p/woocommerce/9.7.0/assets/css/photoswipe/default-skin/default-skin.svg]
[i0.wp.com/thirtysecondstomars.com/wp-content/uploads/2024/03/ThirtySecondsToMars-2024_V2_Facebook_1920x108049a2.jpg]
[i0.wp.com/thirtysecondstomars.com/wp-content/uploads/2024/03/ThirtySecondsToMars-2024_V2_Website-Mobile_1080x1350a2df.jpg]
[thirtysecondstomars.com/wp-content/uploads/elementor/css/post-158882437.css]
[thirtysecondstomars.com/wp-content/plugins/elementor/assets/lib/eicons/fonts/eicons6feb.svg]
[thirtysecondstomars.com/index8118.html]
[thirtysecondstomars.com/wp-json/wp/v2/product/20588.json]
[thirtysecondstomars.com/june-29-2025-monchengladbach-germany-sparkassen-park/avalanche-package-ticket-vip-monchengladbach.html]
[thirtysecondstomars.com/wp-json/wp/v2/product/20587.json]
[thirtysecondstomars.com/june-29-2025-monchengladbach-germany-sparkassen-park/avalanche-package-upgrade-only-monchengladbach.html]
[thirtysecondstomars.com/wp-json/wp/v2/product/20586.json]
[thirtysecondstomars.com/june-29-2025-monchengladbach-germany-sparkassen-park/seasons-package-ticket-vip-monchengladbach.html]
[thirtysecondstomars.com/wp-json/wp/v2/product/20585.json]
[thirtysecondstomars.com/june-29-2025-monchengladbach-germany-sparkassen-park/seasons-package-upgrade-only-monchengladbach.html]
[thirtysecondstomars.com/wp-json/wp/v2/product/20584.json]
[thirtysecondstomars.com/june-29-2025-monchengladbach-germany-sparkassen-park/get-up-kid-package-ticket-vip-monchengladbach.html]
[thirtysecondstomars.com/wp-json/wp/v2/product/20583.json]
[thirtysecondstomars.com/june-29-2025-monchengladbach-germany-sparkassen-park/get-up-kid-package-upgrade-only-monchengladbach.html]
[thirtysecondstomars.com/wp-json/wp/v2/product/20582.json]
[thirtysecondstomars.com/june-29-2025-monchengladbach-germany-sparkassen-park/early-entry-package-ticket-vip-monchengladbach.html]
[thirtysecondstomars.com/wp-json/wp/v2/product/20581.json]
[thirtysecondstomars.com/june-29-2025-monchengladbach-germany-sparkassen-park/early-entry-package-upgrade-only-monchengladbach.html]
[thirtysecondstomars.com/index9a15.html]
[thirtysecondstomars.com/wp-json/wp/v2/product/20596.json]
[thirtysecondstomars.com/july-2-2025-milan-italy-ippodromo-snai-san-siro/avalanche-package-ticket-vip-milan.html]
[thirtysecondstomars.com/wp-json/wp/v2/product/20595.json]
[thirtysecondstomars.com/july-2-2025-milan-italy-ippodromo-snai-san-siro/avalanche-package-upgrade-only-milan.html]
[thirtysecondstomars.com/wp-json/wp/v2/product/20594.json]
[thirtysecondstomars.com/july-2-2025-milan-italy-ippodromo-snai-san-siro/seasons-package-ticket-vip-milan.html]
[thirtysecondstomars.com/wp-json/wp/v2/product/20593.json]
[thirtysecondstomars.com/july-2-2025-milan-italy-ippodromo-snai-san-siro/seasons-package-upgrade-only-milan.html]
[thirtysecondstomars.com/wp-json/wp/v2/product/20592.json]
[thirtysecondstomars.com/july-2-2025-milan-italy-ippodromo-snai-san-siro/get-up-kid-package-ticket-vip-milan.html]
[thirtysecondstomars.com/wp-json/wp/v2/product/20591.json]
[thirtysecondstomars.com/july-2-2025-milan-italy-ippodromo-snai-san-siro/get-up-kid-package-upgrade-only-milan.html]
[thirtysecondstomars.com/wp-json/wp/v2/product/20590.json]
[thirtysecondstomars.com/july-2-2025-milan-italy-ippodromo-snai-san-siro/early-entry-package-ticket-vip-milan.html]
[thirtysecondstomars.com/wp-json/wp/v2/product/20589.json]
[thirtysecondstomars.com/july-2-2025-milan-italy-ippodromo-snai-san-siro/early-entry-package-upgrade-only-milan.html]
[thirtysecondstomars.com/index87f6.html]
[thirtysecondstomars.com/wp-json/wp/v2/product/20604.json]
[thirtysecondstomars.com/july-3-2025-gorizia-italy-casa-rossa-arena/avalanche-package-ticket-vip-gorizia.html]
[thirtysecondstomars.com/wp-json/wp/v2/product/20603.json]
[thirtysecondstomars.com/july-3-2025-gorizia-italy-casa-rossa-arena/avalanche-package-upgrade-only-gorizia.html]
[thirtysecondstomars.com/wp-json/wp/v2/product/20602.json]
[thirtysecondstomars.com/july-3-2025-gorizia-italy-casa-rossa-arena/seasons-package-ticket-vip-gorizia.html]
[thirtysecondstomars.com/wp-json/wp/v2/product/20601.json]
[thirtysecondstomars.com/july-3-2025-gorizia-italy-casa-rossa-arena/seasons-package-upgrade-only-gorizia.html]
[thirtysecondstomars.com/wp-json/wp/v2/product/20600.json]
[thirtysecondstomars.com/july-3-2025-gorizia-italy-casa-rossa-arena/get-up-kid-package-ticket-vip-gorizia.html]
[thirtysecondstomars.com/wp-json/wp/v2/product/20599.json]
[thirtysecondstomars.com/july-3-2025-gorizia-italy-casa-rossa-arena/get-up-kid-package-upgrade-only-gorizia.html]
[thirtysecondstomars.com/wp-json/wp/v2/product/20598.json]
[thirtysecondstomars.com/july-3-2025-gorizia-italy-casa-rossa-arena/early-entry-package-ticket-vip-gorizia.html]
[thirtysecondstomars.com/wp-json/wp/v2/product/20597.json]
[thirtysecondstomars.com/july-3-2025-gorizia-italy-casa-rossa-arena/early-entry-package-upgrade-only-gorizia.html]
[thirtysecondstomars.com/indexdd9e.html]
[thirtysecondstomars.com_443/wp-content/plugins/woocommerce-subscriptions/vendor/woocommerce/subscriptions-core/assets/css/checkout0f87.css]
[thirtysecondstomars.com/wp-content/uploads/elementor/css/post-9cf6f.css]
[c0.wp.com/p/woocommerce/9.7.0/assets/js/frontend/country-select.min.js]
[c0.wp.com/p/woocommerce/9.7.0/assets/js/frontend/address-i18n.min.js]
[c0.wp.com/p/woocommerce/9.7.0/assets/js/frontend/cart.min.js]
[thirtysecondstomars.com/wp-json/wp/v2/pages/9.json]
[thirtysecondstomars.com/wp-json/oembed/1.0/embedd899.json]
[thirtysecondstomars.com/wp-json/oembed/1.0/embed9e0d]
[thirtysecondstomars.com/june-21-2025-almaty-kazakhstan-sports-complex-at-abay-159/get-up-kid-package-upgrade-only-almaty-2025eee8.html]
[thirtysecondstomars.com/june-21-2025-almaty-kazakhstan-sports-complex-at-abay-159/get-up-kid-package-ticket-vip-almaty-20256198.html]
[thirtysecondstomars.com/wp-content/plugins/woocommerce-subscriptions/vendor/woocommerce/subscriptions-core/assets/js/frontend/wcs-carte6df.js]
[thirtysecondstomars.com/june-21-2025-almaty-kazakhstan-sports-complex-at-abay-159/early-entry-package-upgrade-only-almaty-20251e5f.html]
[thirtysecondstomars.com/wp-content/plugins/woocommerce-store-credit/assets/js/frontend/cart.min62df.js]
[thirtysecondstomars.com/wp-content/plugins/woocommerce-payment-plans-for-subscriptions/includes/att/assets/js/frontend/cart12b2.js]
[thirtysecondstomars.com/cart.html]
[thirtysecondstomars.com/july-15-2025-fuengirola-spain-marenostrum/early-entry-package-ticket-vip-fuengirola40fc.html]
[thirtysecondstomars.com/wp-json/wp/v2/product/20612.json]
[thirtysecondstomars.com/july-5-2025-lucca-italy-piazza-napoleone/avalanche-package-ticket-vip-lucca-coming-soon.html]
[thirtysecondstomars.com/wp-json/wp/v2/product/20611.json]
[thirtysecondstomars.com/july-5-2025-lucca-italy-piazza-napoleone/avalanche-package-upgrade-only-lucca-coming-soon.html]
[thirtysecondstomars.com/wp-json/wp/v2/product/20610.json]
[thirtysecondstomars.com/july-5-2025-lucca-italy-piazza-napoleone/seasons-package-ticket-vip-lucca-coming-soon.html]
[thirtysecondstomars.com/wp-json/wp/v2/product/20609.json]
[thirtysecondstomars.com/july-5-2025-lucca-italy-piazza-napoleone/seasons-package-upgrade-only-lucca-coming-soon.html]
[thirtysecondstomars.com/wp-json/wp/v2/product/20608.json]
[thirtysecondstomars.com/july-5-2025-lucca-italy-piazza-napoleone/get-up-kid-package-ticket-vip-lucca.html]
[thirtysecondstomars.com/wp-json/wp/v2/product/20607.json]
[thirtysecondstomars.com/july-5-2025-lucca-italy-piazza-napoleone/get-up-kid-package-upgrade-only-lucca.html]
[thirtysecondstomars.com/wp-json/wp/v2/product/20606.json]
[thirtysecondstomars.com/july-5-2025-lucca-italy-piazza-napoleone/early-entry-package-ticket-vip-lucca.html]
[thirtysecondstomars.com/wp-json/wp/v2/product/20605.json]
[thirtysecondstomars.com/july-5-2025-lucca-italy-piazza-napoleone/early-entry-package-upgrade-only-lucca.html]
[thirtysecondstomars.com/index838c.html]
[thirtysecondstomars.com/wp-json/wp/v2/product/20635.json]
[thirtysecondstomars.com/july-6-2025-napoli-italy-noisy-naples-fest/avalanche-package-ticket-vip-napoli.html]
[thirtysecondstomars.com/wp-json/wp/v2/product/20634.json]
[thirtysecondstomars.com/july-6-2025-napoli-italy-noisy-naples-fest/avalanche-package-upgrade-only-napoli.html]
[thirtysecondstomars.com/wp-json/wp/v2/product/20633.json]
[thirtysecondstomars.com/july-6-2025-napoli-italy-noisy-naples-fest/seasons-package-ticket-vip-napoli.html]
[thirtysecondstomars.com/wp-json/wp/v2/product/20632.json]
[thirtysecondstomars.com/july-6-2025-napoli-italy-noisy-naples-fest/seasons-package-upgrade-only-napoli.html]
[thirtysecondstomars.com/wp-json/wp/v2/product/20631.json]
[thirtysecondstomars.com/july-6-2025-napoli-italy-noisy-naples-fest/get-up-kid-package-ticket-vip-napoli.html]
[thirtysecondstomars.com/wp-json/wp/v2/product/20629.json]
[thirtysecondstomars.com/july-6-2025-napoli-italy-noisy-naples-fest/get-up-kid-package-upgrade-only-napoli.html]
[thirtysecondstomars.com/indexc3b0.html]
[thirtysecondstomars.com/wp-json/wp/v2/product/20620.json]
[thirtysecondstomars.com/july-8-2025-alba-italy-collisioni-festival/avalanche-package-ticket-vip-alba.html]
[thirtysecondstomars.com/wp-json/wp/v2/product/20619.json]
[thirtysecondstomars.com/july-8-2025-alba-italy-collisioni-festival/avalanche-package-upgrade-only-alba.html]
[thirtysecondstomars.com/wp-json/wp/v2/product/20618.json]
[thirtysecondstomars.com/july-8-2025-alba-italy-collisioni-festival/seasons-package-ticket-vip-alba.html]
[thirtysecondstomars.com/wp-json/wp/v2/product/20617.json]
[thirtysecondstomars.com/july-8-2025-alba-italy-collisioni-festival/seasons-package-upgrade-only-alba.html]
[thirtysecondstomars.com/wp-json/wp/v2/product/20616.json]
[thirtysecondstomars.com/july-8-2025-alba-italy-collisioni-festival/get-up-kid-package-ticket-vip-alba.html]
[thirtysecondstomars.com/wp-json/wp/v2/product/20615.json]
[thirtysecondstomars.com/july-8-2025-alba-italy-collisioni-festival/get-up-kid-package-upgrade-only-alba.html]
[thirtysecondstomars.com/wp-json/wp/v2/product/20614.json]
[thirtysecondstomars.com/july-8-2025-alba-italy-collisioni-festival/early-entry-package-ticket-vip-alba.html]
[thirtysecondstomars.com/wp-json/wp/v2/product/20613.json]
[thirtysecondstomars.com/july-8-2025-alba-italy-collisioni-festival/early-entry-package-upgrade-only-alba.html]
[thirtysecondstomars.com/index382b.html]
[thirtysecondstomars.com/xmlrpc.php]
[thirtysecondstomars.com/indexd320.html]
[thirtysecondstomars.com/indexb61d.html]
[thirtysecondstomars.com/wp-json/wp/v2/product/20890.json]
[thirtysecondstomars.com/july-15-2025-fuengirola-spain-marenostrum/get-up-kid-package-upgrade-only-fuengirola.html]
[thirtysecondstomars.com/index1a54.html]
[thirtysecondstomars.com/index163f.html]
[thirtysecondstomars.com/index3078.html]
[thirtysecondstomars.com/index4693.html]
[thirtysecondstomars.com/wp-json/oembed/1.0/embed7f42.json]
[thirtysecondstomars.com/wp-json/oembed/1.0/embeda6e5]
[thirtysecondstomars.com/index89bd.html]
[thirtysecondstomars.com/wp-json/oembed/1.0/embed54e9.json]
[thirtysecondstomars.com/wp-json/oembed/1.0/embed1cbf]
[thirtysecondstomars.com/index1116.html]
[thirtysecondstomars.com/wp-json/oembed/1.0/embedfe49.json]
[thirtysecondstomars.com/wp-json/oembed/1.0/embed0095]
[thirtysecondstomars.com/index6657.html]
[thirtysecondstomars.com/wp-json/oembed/1.0/embed25d0.json]
[thirtysecondstomars.com/wp-json/oembed/1.0/embed20ac]
[thirtysecondstomars.com/index80fd.html]
[thirtysecondstomars.com/wp-json/oembed/1.0/embed5792.json]
[thirtysecondstomars.com/wp-json/oembed/1.0/embeda1ea]
[thirtysecondstomars.com/index4889.html]
[thirtysecondstomars.com/wp-json/oembed/1.0/embed2625.json]
[thirtysecondstomars.com/wp-json/oembed/1.0/embed14ba]
[thirtysecondstomars.com/index72b7.html]
[thirtysecondstomars.com/wp-json/oembed/1.0/embed92cc.json]
[thirtysecondstomars.com/wp-json/oembed/1.0/embed0e8a]
[thirtysecondstomars.com/index6cb1.html]
[thirtysecondstomars.com/wp-json/oembed/1.0/embedf846.json]
[thirtysecondstomars.com/wp-json/oembed/1.0/embede24d]
[thirtysecondstomars.com/index86e0.html]
[thirtysecondstomars.com/wp-json/oembed/1.0/embed6835.json]
[thirtysecondstomars.com/wp-json/oembed/1.0/embedf956]
[thirtysecondstomars.com/indexaf1b.html]
[thirtysecondstomars.com/wp-json/oembed/1.0/embed6662.json]
[thirtysecondstomars.com/wp-json/oembed/1.0/embed9a40]
[thirtysecondstomars.com/index28a0.html]
[thirtysecondstomars.com/wp-json/oembed/1.0/embed69b2.json]
[thirtysecondstomars.com/wp-json/oembed/1.0/embed637b]
[thirtysecondstomars.com/indexbc24.html]
[thirtysecondstomars.com/wp-json/oembed/1.0/embedb674.json]
[thirtysecondstomars.com/wp-json/oembed/1.0/embed61b2]
[thirtysecondstomars.com/index33a9.html]
[thirtysecondstomars.com/wp-json/oembed/1.0/embedad66.json]
[thirtysecondstomars.com/wp-json/oembed/1.0/embed9f32]
[thirtysecondstomars.com/index03f6.html]
[thirtysecondstomars.com/wp-json/oembed/1.0/embedc97b.json]
[thirtysecondstomars.com/wp-json/oembed/1.0/embed38c6]
[thirtysecondstomars.com/index66f6.html]
[thirtysecondstomars.com/wp-json/oembed/1.0/embedcc9f.json]
[thirtysecondstomars.com/wp-json/oembed/1.0/embedd1b5]
[thirtysecondstomars.com/index88cf.html]
[thirtysecondstomars.com/wp-json/oembed/1.0/embedc224.json]
[thirtysecondstomars.com/wp-json/oembed/1.0/embed5a50]
[thirtysecondstomars.com/index83ca.html]
[thirtysecondstomars.com/wp-json/oembed/1.0/embed5286.json]
[thirtysecondstomars.com/wp-json/oembed/1.0/embed80e9]
[thirtysecondstomars.com/index840f.html]
[thirtysecondstomars.com/wp-json/oembed/1.0/embedf784.json]
[thirtysecondstomars.com/wp-json/oembed/1.0/embed5a04]
[thirtysecondstomars.com/indexb671.html]
[thirtysecondstomars.com/wp-json/oembed/1.0/embed832b.json]
[thirtysecondstomars.com/wp-json/oembed/1.0/embed5413]
[thirtysecondstomars.com/index900f.html]
[thirtysecondstomars.com/wp-json/oembed/1.0/embedea70.json]
[thirtysecondstomars.com/wp-json/oembed/1.0/embed1846]
[thirtysecondstomars.com/index30c0.html]
[thirtysecondstomars.com/wp-json/oembed/1.0/embedd459.json]
[thirtysecondstomars.com/wp-json/oembed/1.0/embed8fc9]
[thirtysecondstomars.com/indexe3e6.html]
[thirtysecondstomars.com/wp-json/oembed/1.0/embed3e27.json]
[thirtysecondstomars.com/wp-json/oembed/1.0/embed8a6b]
[thirtysecondstomars.com/index237d.html]
[thirtysecondstomars.com/wp-json/oembed/1.0/embed0a87.json]
[thirtysecondstomars.com/wp-json/oembed/1.0/embedfa28]
[thirtysecondstomars.com/index45b9.html]
[thirtysecondstomars.com/wp-json/oembed/1.0/embed3dbd.json]
[thirtysecondstomars.com/wp-json/oembed/1.0/embedb912]
[thirtysecondstomars.com/wp-content/plugins/woocommerce-gateway-stripe/assets/images/credit-card.svg]
[thirtysecondstomars.com/wp-content/plugins/woocommerce-gateway-stripe/assets/images/visa.svg]
[thirtysecondstomars.com/wp-content/plugins/woocommerce-gateway-stripe/assets/images/amex.svg]
[thirtysecondstomars.com/wp-content/plugins/woocommerce-gateway-stripe/assets/images/diners.svg]
[thirtysecondstomars.com/wp-content/plugins/woocommerce-gateway-stripe/assets/images/discover.svg]
[thirtysecondstomars.com/wp-content/plugins/woocommerce-gateway-stripe/assets/images/jcb.svg]
[thirtysecondstomars.com/wp-content/plugins/woocommerce-gateway-stripe/assets/images/maestro.svg]
[thirtysecondstomars.com/wp-content/plugins/woocommerce-gateway-stripe/assets/images/mastercard.svg]
[thirtysecondstomars.com/index5e84.html]
[thirtysecondstomars.com/wp-json/oembed/1.0/embed83d8.json]
[thirtysecondstomars.com/wp-json/oembed/1.0/embed5648]
[thirtysecondstomars.com/index265d.html]
[thirtysecondstomars.com/wp-json/oembed/1.0/embed1c46.json]
[thirtysecondstomars.com/wp-json/oembed/1.0/embedacf4]
[thirtysecondstomars.com/indexa5e4.html]
[thirtysecondstomars.com/wp-json/oembed/1.0/embeda638.json]
[thirtysecondstomars.com/wp-json/oembed/1.0/embed8048]
[thirtysecondstomars.com/indexb9ef.html]
[thirtysecondstomars.com/wp-json/oembed/1.0/embed97b8.json]
[thirtysecondstomars.com/wp-json/oembed/1.0/embedc3b6]
[thirtysecondstomars.com/index4e54.html]
[thirtysecondstomars.com/wp-json/oembed/1.0/embedcaff.json]
[thirtysecondstomars.com/wp-json/oembed/1.0/embed0b73]
[thirtysecondstomars.com/index7394.html]
[thirtysecondstomars.com/wp-json/oembed/1.0/embed181e.json]
[thirtysecondstomars.com/wp-json/oembed/1.0/embedf1d5]
[thirtysecondstomars.com/indexa694.html]
[thirtysecondstomars.com/wp-json/oembed/1.0/embed11d2.json]
[thirtysecondstomars.com/wp-json/oembed/1.0/embedd7c6]
[thirtysecondstomars.com/index0653.html]
[thirtysecondstomars.com/wp-json/oembed/1.0/embedfffb.json]
[thirtysecondstomars.com/wp-json/oembed/1.0/embed97bb]
[thirtysecondstomars.com/index2957.html]
[thirtysecondstomars.com/wp-json/oembed/1.0/embedab8b.json]
[thirtysecondstomars.com/wp-json/oembed/1.0/embedfa91]
[thirtysecondstomars.com/indexd92a.html]
[thirtysecondstomars.com/wp-json/oembed/1.0/embedd0c2.json]
[thirtysecondstomars.com/wp-json/oembed/1.0/embeddafe]
[thirtysecondstomars.com/indexae6f.html]
[thirtysecondstomars.com/wp-json/oembed/1.0/embed0c39.json]
[thirtysecondstomars.com/wp-json/oembed/1.0/embede88d]
[thirtysecondstomars.com/indexff83.html]
[thirtysecondstomars.com/wp-json/oembed/1.0/embed1a2c.json]
[thirtysecondstomars.com/wp-json/oembed/1.0/embedeaa6]
[thirtysecondstomars.com/index06fb.html]
[thirtysecondstomars.com/wp-json/oembed/1.0/embede337.json]
[thirtysecondstomars.com/wp-json/oembed/1.0/embedf4c0]
[thirtysecondstomars.com/index67bc.html]
[thirtysecondstomars.com/wp-json/oembed/1.0/embed01b1.json]
[thirtysecondstomars.com/wp-json/oembed/1.0/embed8355]
[thirtysecondstomars.com/index1753.html]
[thirtysecondstomars.com/wp-json/oembed/1.0/embed3856.json]
[thirtysecondstomars.com/wp-json/oembed/1.0/embed77d6]
[thirtysecondstomars.com/index9851.html]
[thirtysecondstomars.com/wp-json/oembed/1.0/embeddf40.json]
[thirtysecondstomars.com/wp-json/oembed/1.0/embedb56a]
[thirtysecondstomars.com/index2d1b.html]
[thirtysecondstomars.com/wp-json/oembed/1.0/embed1dbb.json]
[thirtysecondstomars.com/wp-json/oembed/1.0/embed1738]
[thirtysecondstomars.com/index0939.html]
[thirtysecondstomars.com/wp-json/oembed/1.0/embed7ff2.json]
[thirtysecondstomars.com/wp-json/oembed/1.0/embed7e9b]
[thirtysecondstomars.com/indexcf91.html]
[thirtysecondstomars.com/wp-json/oembed/1.0/embed9a8d.json]
[thirtysecondstomars.com/wp-json/oembed/1.0/embed4e6c]
[thirtysecondstomars.com/index2433.html]
[thirtysecondstomars.com/wp-json/oembed/1.0/embedb541.json]
[thirtysecondstomars.com/wp-json/oembed/1.0/embed7e44]
[thirtysecondstomars.com/index8fc7.html]
[thirtysecondstomars.com/wp-json/oembed/1.0/embedb8a7.json]
[thirtysecondstomars.com/wp-json/oembed/1.0/embed3254]
[thirtysecondstomars.com/index4490.html]
[thirtysecondstomars.com/wp-json/oembed/1.0/embed5e5d.json]
[thirtysecondstomars.com/wp-json/oembed/1.0/embed5d21]
[thirtysecondstomars.com/indexacdf.html]
[thirtysecondstomars.com/wp-json/oembed/1.0/embed4213.json]
[thirtysecondstomars.com/wp-json/oembed/1.0/embedc1a8]
[thirtysecondstomars.com/index0e0d.html]
[thirtysecondstomars.com/wp-json/oembed/1.0/embed35d5.json]
[thirtysecondstomars.com/wp-json/oembed/1.0/embed20e2]
[thirtysecondstomars.com/index01d9.html]
[thirtysecondstomars.com/wp-json/oembed/1.0/embed5be3.json]
[thirtysecondstomars.com/wp-json/oembed/1.0/embedbbec]
[thirtysecondstomars.com/indexaf98.html]
[thirtysecondstomars.com/wp-json/oembed/1.0/embed5ce7.json]
[thirtysecondstomars.com/wp-json/oembed/1.0/embed5d00]
[thirtysecondstomars.com/indexce52.html]
[thirtysecondstomars.com/wp-json/oembed/1.0/embed8c6d.json]
[thirtysecondstomars.com/wp-json/oembed/1.0/embed16ea]
[thirtysecondstomars.com/index874c.html]
[thirtysecondstomars.com/wp-json/oembed/1.0/embedca31.json]
[thirtysecondstomars.com/wp-json/oembed/1.0/embed7ad7]
[thirtysecondstomars.com/index3b27.html]
[thirtysecondstomars.com/wp-json/oembed/1.0/embede2c6.json]
[thirtysecondstomars.com/wp-json/oembed/1.0/embedf0e9]
[thirtysecondstomars.com_443/wp-content/plugins/woocommerce-subscriptions/vendor/woocommerce/subscriptions-core/assets/css/checkout0f87.css]
[thirtysecondstomars.com/wp-content/uploads/elementor/css/post-9cf6f.css]
[thirtysecondstomars.com/indexb5fb.html]
[thirtysecondstomars.com/june-21-2025-almaty-kazakhstan-sports-complex-at-abay-159/get-up-kid-package-upgrade-only-almaty-2025eee8.html]
[thirtysecondstomars.com/june-21-2025-almaty-kazakhstan-sports-complex-at-abay-159/early-entry-package-upgrade-only-almaty-20251e5f.html]
[thirtysecondstomars.com/june-21-2025-almaty-kazakhstan-sports-complex-at-abay-159/get-up-kid-package-ticket-vip-almaty-20256198.html]
[thirtysecondstomars.com/july-15-2025-fuengirola-spain-marenostrum/early-entry-package-ticket-vip-fuengirola40fc.html]
[thirtysecondstomars.com/indexaefc.html]
[thirtysecondstomars.com/wp-json/oembed/1.0/embede9c8.json]
[thirtysecondstomars.com/wp-json/oembed/1.0/embed8f72]
[thirtysecondstomars.com/indexefce.html]
[thirtysecondstomars.com/wp-json/oembed/1.0/embed9ae6.json]
[thirtysecondstomars.com/wp-json/oembed/1.0/embedec14]
[thirtysecondstomars.com/index1613.html]
[thirtysecondstomars.com/wp-json/oembed/1.0/embed18c7.json]
[thirtysecondstomars.com/wp-json/oembed/1.0/embed2697]
[thirtysecondstomars.com/indexc150.html]
[thirtysecondstomars.com/wp-json/oembed/1.0/embed7aed.json]
[thirtysecondstomars.com/wp-json/oembed/1.0/embed0837]
[thirtysecondstomars.com/index1006.html]
[thirtysecondstomars.com/wp-json/oembed/1.0/embed39de.json]
[thirtysecondstomars.com/wp-json/oembed/1.0/embedc8fd]
[thirtysecondstomars.com/index648e.html]
[thirtysecondstomars.com/wp-json/oembed/1.0/embede676.json]
[thirtysecondstomars.com/wp-json/oembed/1.0/embedb531]
[thirtysecondstomars.com/index6906.html]
[thirtysecondstomars.com/wp-json/oembed/1.0/embedc54e.json]
[thirtysecondstomars.com/wp-json/oembed/1.0/embedd833]
[thirtysecondstomars.com/index3762.html]
[thirtysecondstomars.com/wp-json/oembed/1.0/embed186a.json]
[thirtysecondstomars.com/wp-json/oembed/1.0/embedd4a4]
[thirtysecondstomars.com/index54de.html]
[thirtysecondstomars.com/wp-json/oembed/1.0/embed1d5e.json]
[thirtysecondstomars.com/wp-json/oembed/1.0/embed8261]
[thirtysecondstomars.com/index3f85.html]
[thirtysecondstomars.com/wp-json/oembed/1.0/embedf9af.json]
[thirtysecondstomars.com/wp-json/oembed/1.0/embedf818]
[thirtysecondstomars.com/indexb188.html]
[thirtysecondstomars.com/wp-json/oembed/1.0/embeddeac.json]
[thirtysecondstomars.com/wp-json/oembed/1.0/embedec9a]
[thirtysecondstomars.com/index6ff9.html]
[thirtysecondstomars.com/wp-json/oembed/1.0/embed5b47.json]
[thirtysecondstomars.com/wp-json/oembed/1.0/embed6126]
[thirtysecondstomars.com/indexddb7.html]
[thirtysecondstomars.com/wp-json/oembed/1.0/embed34d6.json]
[thirtysecondstomars.com/wp-json/oembed/1.0/embed36ee]
[thirtysecondstomars.com/indexba37.html]
[thirtysecondstomars.com/wp-json/oembed/1.0/embedbdda.json]
[thirtysecondstomars.com/wp-json/oembed/1.0/embedab50]
[thirtysecondstomars.com/index297b.html]
[thirtysecondstomars.com/wp-json/oembed/1.0/embed0385.json]
[thirtysecondstomars.com/wp-json/oembed/1.0/embed9479]
[thirtysecondstomars.com/indexbdfe.html]
[thirtysecondstomars.com/wp-json/oembed/1.0/embed1589.json]
[thirtysecondstomars.com/wp-json/oembed/1.0/embedfa57]
[thirtysecondstomars.com/index58c7.html]
[thirtysecondstomars.com/wp-json/oembed/1.0/embede0cf.json]
[thirtysecondstomars.com/wp-json/oembed/1.0/embed3e11]
[thirtysecondstomars.com/indexa9f0.html]
[thirtysecondstomars.com/wp-json/oembed/1.0/embeda1c0.json]
[thirtysecondstomars.com/wp-json/oembed/1.0/embed4d4a]
[thirtysecondstomars.com/index22d5.html]
[thirtysecondstomars.com/wp-json/oembed/1.0/embed5902.json]
[thirtysecondstomars.com/wp-json/oembed/1.0/embedb192]
[thirtysecondstomars.com/indexf399.html]
[thirtysecondstomars.com/wp-json/oembed/1.0/embed4408.json]
[thirtysecondstomars.com/wp-json/oembed/1.0/embed494f]
[thirtysecondstomars.com/indexc970.html]
[thirtysecondstomars.com/wp-json/oembed/1.0/embed6075.json]
[thirtysecondstomars.com/wp-json/oembed/1.0/embed8225]
[thirtysecondstomars.com/index81a7.html]
[thirtysecondstomars.com/wp-json/oembed/1.0/embed7cd2.json]
[thirtysecondstomars.com/wp-json/oembed/1.0/embed0785]
[thirtysecondstomars.com/index3cba.html]
[thirtysecondstomars.com/wp-json/oembed/1.0/embede383.json]
[thirtysecondstomars.com/wp-json/oembed/1.0/embed9ed3]
